#
# There is insufficient memory for the Java Runtime Environment to continue.
# Native memory allocation (malloc) failed to allocate 32744 bytes. Error detail: ChunkPool::allocate
# Possible reasons:
#   The system is out of physical RAM or swap space
#   This process is running with CompressedOops enabled, and the Java Heap may be blocking the growth of the native heap
# Possible solutions:
#   Reduce memory load on the system
#   Increase physical memory or swap space
#   Check if swap backing store is full
#   Decrease Java heap size (-Xmx/-Xms)
#   Decrease number of Java threads
#   Decrease Java thread stack sizes (-Xss)
#   Set larger code cache with -XX:ReservedCodeCacheSize=
#   JVM is running with Unscaled Compressed Oops mode in which the Java heap is
#     placed in the first 4GB address space. The Java Heap base address is the
#     maximum limit for the native heap growth. Please use -XX:HeapBaseMinAddress
#     to set the Java Heap base and to place the Java Heap above 4GB virtual address.
# This output file may be truncated or incomplete.
#
#  Out of Memory Error (arena.cpp:79), pid=27560, tid=5500
#
# JRE version: OpenJDK Runtime Environment Temurin-17.0.20.1+1 (17.0.20.1+1) (build 17.0.20.1+1)
# Java VM: OpenJDK 64-Bit Server VM Temurin-17.0.20.1+1 (17.0.20.1+1, mixed mode, sharing, tiered, compressed oops, compressed class ptrs, g1 gc, windows-amd64)
# No core dump will be written. Minidumps are not enabled by default on client versions of Windows
#

---------------  S U M M A R Y ------------

Command Line: --add-opens=java.base/java.lang=ALL-UNNAMED --add-opens=java.base/java.lang.invoke=ALL-UNNAMED --add-opens=java.base/java.util=ALL-UNNAMED --add-opens=java.prefs/java.util.prefs=ALL-UNNAMED --add-exports=jdk.compiler/com.sun.tools.javac.api=ALL-UNNAMED --add-exports=jdk.compiler/com.sun.tools.javac.util=ALL-UNNAMED --add-opens=java.base/java.nio.charset=ALL-UNNAMED --add-opens=java.base/java.net=ALL-UNNAMED --add-opens=java.base/java.util.concurrent=ALL-UNNAMED --add-opens=java.base/java.util.concurrent.atomic=ALL-UNNAMED --add-opens=java.xml/javax.xml.namespace=ALL-UNNAMED --add-opens=java.base/java.time=ALL-UNNAMED -Xmx2048m -Dfile.encoding=UTF-8 -Duser.country=US -Duser.language=en -Duser.variant -javaagent:C:\Users\Administrator\.gradle\wrapper\dists\gradle-9.6.0-bin\42k10rwplmzkhuboz9kdazi7s\gradle-9.6.0\lib\agents\gradle-instrumentation-agent-9.6.0.jar org.gradle.launcher.daemon.bootstrap.GradleDaemon 9.6.0

Host: Intel(R) Core(TM) i5-8250U CPU @ 1.60GHz, 8 cores, 7G,  Windows 10 , 64 bit Build 19041 (10.0.19041.5915)
Time: Tue Sep 22 21:06:34 2026 SE Asia Standard Time elapsed time: 92.697685 seconds (0d 0h 1m 32s)

---------------  T H R E A D  ---------------

Current thread (0x000001ea7f4658d0):  JavaThread "C2 CompilerThread0" daemon [_thread_in_native, id=5500, stack(0x00000003d0d00000,0x00000003d0e00000)]


Current CompileTask:
C2:92697 10718       4       org.gradle.internal.instantiation.generator.AbstractClassGenerator::inspectType (602 bytes)

Stack: [0x00000003d0d00000,0x00000003d0e00000]
Native frames: (J=compiled Java code, j=interpreted, Vv=VM code, C=native code)
V  [jvm.dll+0x684d39]
V  [jvm.dll+0x83a565]
V  [jvm.dll+0x83bfde]
V  [jvm.dll+0x83c663]
V  [jvm.dll+0x2490cf]
V  [jvm.dll+0xad73e]
V  [jvm.dll+0xadbdc]
V  [jvm.dll+0x36e0f9]
V  [jvm.dll+0x56cf68]
V  [jvm.dll+0x56bf85]
V  [jvm.dll+0x56c8bd]
V  [jvm.dll+0x333244]
V  [jvm.dll+0x33267a]
V  [jvm.dll+0x219ed9]
V  [jvm.dll+0x21931f]
V  [jvm.dll+0x1a49e0]
V  [jvm.dll+0x229a6a]
V  [jvm.dll+0x227c1b]
V  [jvm.dll+0x7f0d18]
V  [jvm.dll+0x7eb17c]
V  [jvm.dll+0x683c07]
C  [ucrtbase.dll+0x21bb2]
C  [KERNEL32.DLL+0x17374]
C  [ntdll.dll+0x4cc91]


---------------  P R O C E S S  ---------------

Threads class SMR info:
_java_thread_list=0x000001ea4c475c30, length=61, elements={
0x000001ea62f78f70, 0x000001ea7f44a9a0, 0x000001ea7f44b730, 0x000001ea7f45f090,
0x000001ea7f461a70, 0x000001ea7f464350, 0x000001ea7f464c20, 0x000001ea7f4658d0,
0x000001ea7f468b40, 0x000001ea7f469450, 0x000001ea7f62c6d0, 0x000001ea7f78bd60,
0x000001ea47a4db70, 0x000001ea47db8490, 0x000001ea47b60470, 0x000001ea47eef5f0,
0x000001ea7f9aebd0, 0x000001ea7f9b1960, 0x000001ea7f9b0010, 0x000001ea7f9b0520,
0x000001ea7f9b0a30, 0x000001ea7f9ae1b0, 0x000001ea7f9ae6c0, 0x000001ea7f9af5f0,
0x000001ea7f9b0f40, 0x000001ea7f9af0e0, 0x000001ea7f9b1450, 0x000001ea49fadc70,
0x000001ea49fb2350, 0x000001ea49fad760, 0x000001ea49fae180, 0x000001ea49fb1420,
0x000001ea49fb0a00, 0x000001ea49fb04f0, 0x000001ea49fb2860, 0x000001ea49fac830,
0x000001ea49faeba0, 0x000001ea49faf5c0, 0x000001ea49fafad0, 0x000001ea49facd40,
0x000001ea49fb1e40, 0x000001ea49fad250, 0x000001ea49fb2d70, 0x000001ea49fb3280,
0x000001ea49fb3790, 0x000001ea49fb1930, 0x000001ea49fb41b0, 0x000001ea4b5d9c10,
0x000001ea4b5da120, 0x000001ea4b5dd8d0, 0x000001ea4b5dba70, 0x000001ea4b5db560,
0x000001ea4b5d7db0, 0x000001ea4b5de2f0, 0x000001ea4b5d6e80, 0x000001ea4b5de800,
0x000001ea4b5d9700, 0x000001ea4b5d7390, 0x000001ea4c158cf0, 0x000001ea4c1578b0,
0x000001ea4c15ab50
}

Java Threads: ( => current thread )
  0x000001ea62f78f70 JavaThread "main" [_thread_blocked, id=11056, stack(0x00000003d0000000,0x00000003d0100000)]
  0x000001ea7f44a9a0 JavaThread "Reference Handler" daemon [_thread_blocked, id=10184, stack(0x00000003d0700000,0x00000003d0800000)]
  0x000001ea7f44b730 JavaThread "Finalizer" daemon [_thread_blocked, id=25744, stack(0x00000003d0800000,0x00000003d0900000)]
  0x000001ea7f45f090 JavaThread "Signal Dispatcher" daemon [_thread_blocked, id=8632, stack(0x00000003d0900000,0x00000003d0a00000)]
  0x000001ea7f461a70 JavaThread "Attach Listener" daemon [_thread_blocked, id=22108, stack(0x00000003d0a00000,0x00000003d0b00000)]
  0x000001ea7f464350 JavaThread "Service Thread" daemon [_thread_blocked, id=22412, stack(0x00000003d0b00000,0x00000003d0c00000)]
  0x000001ea7f464c20 JavaThread "Monitor Deflation Thread" daemon [_thread_blocked, id=23740, stack(0x00000003d0c00000,0x00000003d0d00000)]
=>0x000001ea7f4658d0 JavaThread "C2 CompilerThread0" daemon [_thread_in_native, id=5500, stack(0x00000003d0d00000,0x00000003d0e00000)]
  0x000001ea7f468b40 JavaThread "C1 CompilerThread0" daemon [_thread_blocked, id=26400, stack(0x00000003d0e00000,0x00000003d0f00000)]
  0x000001ea7f469450 JavaThread "Sweeper thread" daemon [_thread_blocked, id=12076, stack(0x00000003d0f00000,0x00000003d1000000)]
  0x000001ea7f62c6d0 JavaThread "Common-Cleaner" daemon [_thread_blocked, id=11280, stack(0x00000003d1000000,0x00000003d1100000)]
  0x000001ea7f78bd60 JavaThread "Notification Thread" daemon [_thread_blocked, id=23556, stack(0x00000003d1100000,0x00000003d1200000)]
  0x000001ea47a4db70 JavaThread "Daemon health stats" [_thread_blocked, id=18428, stack(0x00000003d1700000,0x00000003d1800000)]
  0x000001ea47db8490 JavaThread "Incoming local TCP Connector on port 62220" [_thread_in_native, id=23656, stack(0x00000003d1800000,0x00000003d1900000)]
  0x000001ea47b60470 JavaThread "Daemon periodic checks" [_thread_blocked, id=21292, stack(0x00000003d1900000,0x00000003d1a00000)]
  0x000001ea47eef5f0 JavaThread "Daemon" [_thread_blocked, id=19904, stack(0x00000003d1a00000,0x00000003d1b00000)]
  0x000001ea7f9aebd0 JavaThread "Handler for socket connection from /127.0.0.1:62220 to /127.0.0.1:62223" [_thread_in_native, id=20296, stack(0x00000003d1b00000,0x00000003d1c00000)]
  0x000001ea7f9b1960 JavaThread "Cancel handler" [_thread_blocked, id=22260, stack(0x00000003d1c00000,0x00000003d1d00000)]
  0x000001ea7f9b0010 JavaThread "Daemon worker" [_thread_in_native, id=12812, stack(0x00000003d1d00000,0x00000003d1e00000)]
  0x000001ea7f9b0520 JavaThread "Asynchronous log dispatcher for DefaultDaemonConnection: socket connection from /127.0.0.1:62220 to /127.0.0.1:62223" [_thread_blocked, id=26536, stack(0x00000003d1e00000,0x00000003d1f00000)]
  0x000001ea7f9b0a30 JavaThread "Stdin handler" [_thread_blocked, id=1832, stack(0x00000003d1f00000,0x00000003d2000000)]
  0x000001ea7f9ae1b0 JavaThread "Daemon client event forwarder" [_thread_blocked, id=23812, stack(0x00000003d2000000,0x00000003d2100000)]
  0x000001ea7f9ae6c0 JavaThread "Cache worker for journal cache (C:\Users\Administrator\.gradle\caches\journal-1)" [_thread_blocked, id=17556, stack(0x00000003d2400000,0x00000003d2500000)]
  0x000001ea7f9af5f0 JavaThread "File lock request listener" [_thread_in_native, id=13412, stack(0x00000003d2500000,0x00000003d2600000)]
  0x000001ea7f9b0f40 JavaThread "File lock release action executor" [_thread_blocked, id=23148, stack(0x00000003d2600000,0x00000003d2700000)]
  0x000001ea7f9af0e0 JavaThread "Cache worker for file hash cache (C:\Users\Administrator\.gradle\caches\9.6.0\fileHashes)" [_thread_blocked, id=22304, stack(0x00000003d2700000,0x00000003d2800000)]
  0x000001ea7f9b1450 JavaThread "Cache worker for file hash cache (D:\PraktikumMobileJualan\.gradle\9.6.0\fileHashes)" [_thread_blocked, id=4680, stack(0x00000003d2900000,0x00000003d2a00000)]
  0x000001ea49fadc70 JavaThread "Cache worker for Build Output Cleanup Cache (D:\PraktikumMobileJualan\.gradle\buildOutputCleanup)" [_thread_blocked, id=21928, stack(0x00000003d2a00000,0x00000003d2b00000)]
  0x000001ea49fb2350 JavaThread "File watcher server" daemon [_thread_in_native, id=26644, stack(0x00000003d2b00000,0x00000003d2c00000)]
  0x000001ea49fad760 JavaThread "File watcher consumer" daemon [_thread_blocked, id=27316, stack(0x00000003d2c00000,0x00000003d2d00000)]
  0x000001ea49fae180 JavaThread "jar transforms" [_thread_blocked, id=25856, stack(0x00000003d2d00000,0x00000003d2e00000)]
  0x000001ea49fb1420 JavaThread "jar transforms Thread 2" [_thread_blocked, id=4000, stack(0x00000003d2e00000,0x00000003d2f00000)]
  0x000001ea49fb0a00 JavaThread "jar transforms Thread 3" [_thread_blocked, id=23420, stack(0x00000003d2f00000,0x00000003d3000000)]
  0x000001ea49fb04f0 JavaThread "Cache worker for file content cache (C:\Users\Administrator\.gradle\caches\9.6.0\fileContent)" [_thread_blocked, id=22592, stack(0x00000003d3000000,0x00000003d3100000)]
  0x000001ea49fb2860 JavaThread "Cache worker for checksums cache (D:\PraktikumMobileJualan\.gradle\9.6.0\checksums)" [_thread_blocked, id=12204, stack(0x00000003d3100000,0x00000003d3200000)]
  0x000001ea49fac830 JavaThread "Cache worker for cache directory md-supplier (C:\Users\Administrator\.gradle\caches\9.6.0\md-supplier)" [_thread_blocked, id=11888, stack(0x00000003d3200000,0x00000003d3300000)]
  0x000001ea49faeba0 JavaThread "Cache worker for cache directory md-rule (C:\Users\Administrator\.gradle\caches\9.6.0\md-rule)" [_thread_blocked, id=19884, stack(0x00000003d3300000,0x00000003d3400000)]
  0x000001ea49faf5c0 JavaThread "jar transforms Thread 4" [_thread_blocked, id=15672, stack(0x00000003d3400000,0x00000003d3500000)]
  0x000001ea49fafad0 JavaThread "jar transforms Thread 5" [_thread_blocked, id=27008, stack(0x00000003d3500000,0x00000003d3600000)]
  0x000001ea49facd40 JavaThread "jar transforms Thread 6" [_thread_blocked, id=25040, stack(0x00000003d3600000,0x00000003d3700000)]
  0x000001ea49fb1e40 JavaThread "jar transforms Thread 7" [_thread_blocked, id=21820, stack(0x00000003d3700000,0x00000003d3800000)]
  0x000001ea49fad250 JavaThread "jar transforms Thread 8" [_thread_blocked, id=24644, stack(0x00000003d3800000,0x00000003d3900000)]
  0x000001ea49fb2d70 JavaThread "Build operations" [_thread_blocked, id=20328, stack(0x00000003d3b00000,0x00000003d3c00000)]
  0x000001ea49fb3280 JavaThread "Build operations Thread 2" [_thread_blocked, id=9676, stack(0x00000003d3c00000,0x00000003d3d00000)]
  0x000001ea49fb3790 JavaThread "Build operations Thread 3" [_thread_blocked, id=9444, stack(0x00000003d3d00000,0x00000003d3e00000)]
  0x000001ea49fb1930 JavaThread "Build operations Thread 4" [_thread_blocked, id=27416, stack(0x00000003d3e00000,0x00000003d3f00000)]
  0x000001ea49fb41b0 JavaThread "Build operations Thread 5" [_thread_blocked, id=6088, stack(0x00000003d3f00000,0x00000003d4000000)]
  0x000001ea4b5d9c10 JavaThread "Build operations Thread 6" [_thread_blocked, id=26348, stack(0x00000003d4000000,0x00000003d4100000)]
  0x000001ea4b5da120 JavaThread "Build operations Thread 7" [_thread_blocked, id=4688, stack(0x00000003d4100000,0x00000003d4200000)]
  0x000001ea4b5dd8d0 JavaThread "Build operations Thread 8" [_thread_blocked, id=25804, stack(0x00000003d4200000,0x00000003d4300000)]
  0x000001ea4b5dba70 JavaThread "Memory manager" [_thread_blocked, id=26372, stack(0x00000003cfd00000,0x00000003cfe00000)]
  0x000001ea4b5db560 JavaThread "build event listener" [_thread_blocked, id=7648, stack(0x00000003cfe00000,0x00000003cff00000)]
  0x000001ea4b5d7db0 JavaThread "included builds" [_thread_blocked, id=27208, stack(0x00000003cff00000,0x00000003d0000000)]
  0x000001ea4b5de2f0 JavaThread "Execution worker" [_thread_blocked, id=13680, stack(0x00000003d4300000,0x00000003d4400000)]
  0x000001ea4b5d6e80 JavaThread "Execution worker Thread 2" [_thread_blocked, id=18492, stack(0x00000003d4400000,0x00000003d4500000)]
  0x000001ea4b5de800 JavaThread "Execution worker Thread 3" [_thread_blocked, id=10236, stack(0x00000003d4500000,0x00000003d4600000)]
  0x000001ea4b5d9700 JavaThread "Execution worker Thread 4" [_thread_blocked, id=23388, stack(0x00000003d4600000,0x00000003d4700000)]
  0x000001ea4b5d7390 JavaThread "Execution worker Thread 5" [_thread_blocked, id=17284, stack(0x00000003d4700000,0x00000003d4800000)]
  0x000001ea4c158cf0 JavaThread "Execution worker Thread 6" [_thread_blocked, id=10096, stack(0x00000003d4800000,0x00000003d4900000)]
  0x000001ea4c1578b0 JavaThread "Execution worker Thread 7" [_thread_blocked, id=25284, stack(0x00000003d4900000,0x00000003d4a00000)]
  0x000001ea4c15ab50 JavaThread "Cache worker for execution history cache (D:\PraktikumMobileJualan\.gradle\9.6.0\executionHistory)" [_thread_blocked, id=1772, stack(0x00000003d4a00000,0x00000003d4b00000)]

Other Threads:
  0x000001ea7f444390 VMThread "VM Thread" [stack: 0x00000003d0600000,0x00000003d0700000] [id=11044]
  0x000001ea62f79e40 WatcherThread [stack: 0x00000003d1200000,0x00000003d1300000] [id=25248]
  0x000001ea62fd3f90 GCTaskThread "GC Thread#0" [stack: 0x00000003d0100000,0x00000003d0200000] [id=8848]
  0x000001ea4756ce10 GCTaskThread "GC Thread#1" [stack: 0x00000003d1300000,0x00000003d1400000] [id=8328]
  0x000001ea4787e470 GCTaskThread "GC Thread#2" [stack: 0x00000003d1400000,0x00000003d1500000] [id=22496]
  0x000001ea47d6dc30 GCTaskThread "GC Thread#3" [stack: 0x00000003d1500000,0x00000003d1600000] [id=21080]
  0x000001ea47954920 GCTaskThread "GC Thread#4" [stack: 0x00000003d1600000,0x00000003d1700000] [id=1936]
  0x000001ea4773d850 GCTaskThread "GC Thread#5" [stack: 0x00000003d2100000,0x00000003d2200000] [id=14344]
  0x000001ea4758ce50 GCTaskThread "GC Thread#6" [stack: 0x00000003d2200000,0x00000003d2300000] [id=26776]
  0x000001ea7f8f6ab0 GCTaskThread "GC Thread#7" [stack: 0x00000003d2300000,0x00000003d2400000] [id=26616]
  0x000001ea62fe4df0 ConcurrentGCThread "G1 Main Marker" [stack: 0x00000003d0200000,0x00000003d0300000] [id=25676]
  0x000001ea62fe5720 ConcurrentGCThread "G1 Conc#0" [stack: 0x00000003d0300000,0x00000003d0400000] [id=20100]
  0x000001ea4a282d20 ConcurrentGCThread "G1 Conc#1" [stack: 0x00000003d2800000,0x00000003d2900000] [id=14296]
  0x000001ea7f302870 ConcurrentGCThread "G1 Refine#0" [stack: 0x00000003d0400000,0x00000003d0500000] [id=4816]
  0x000001ea7f3031b0 ConcurrentGCThread "G1 Service" [stack: 0x00000003d0500000,0x00000003d0600000] [id=26580]

Threads with active compile tasks:
C2 CompilerThread0  92798 10718       4       org.gradle.internal.instantiation.generator.AbstractClassGenerator::inspectType (602 bytes)

VM state: not at safepoint (normal execution)

VM Mutex/Monitor currently owned by a thread: None

Heap address: 0x0000000080000000, size: 2048 MB, Compressed Oops mode: 32-bit

CDS archive(s) mapped at: [0x000001ea02000000-0x000001ea02bb0000-0x000001ea02bb0000), size 12255232, SharedBaseAddress: 0x000001ea02000000, ArchiveRelocationMode: 1.
Compressed class space mapped at: 0x000001ea03000000-0x000001ea43000000, reserved size: 1073741824
Narrow klass base: 0x000001ea02000000, Narrow klass shift: 0, Narrow klass range: 0x100000000

GC Precious Log:
 CPUs: 8 total, 8 available
 Memory: 8074M
 Large Page Support: Disabled
 NUMA Support: Disabled
 Compressed Oops: Enabled (32-bit)
 Heap Region Size: 1M
 Heap Min Capacity: 8M
 Heap Initial Capacity: 128M
 Heap Max Capacity: 2G
 Pre-touch: Disabled
 Parallel Workers: 8
 Concurrent Workers: 2
 Concurrent Refinement Workers: 8
 Periodic GC: Disabled

Heap:
 garbage-first heap   total 152576K, used 109476K [0x0000000080000000, 0x0000000100000000)
  region size 1024K, 26 young (26624K), 4 survivors (4096K)
 Metaspace       used 86337K, committed 87424K, reserved 1179648K
  class space    used 12154K, committed 12672K, reserved 1048576K

Heap Regions: E=young(eden), S=young(survivor), O=old, HS=humongous(starts), HC=humongous(continues), CS=collection set, F=free, OA=open archive, CA=closed archive, TAMS=top-at-mark-start (previous, next)
|   0|0x0000000080000000, 0x0000000080100000, 0x0000000080100000|100%|HS|  |TAMS 0x0000000080100000, 0x0000000080000000| Complete 
|   1|0x0000000080100000, 0x0000000080200000, 0x0000000080200000|100%|HC|  |TAMS 0x0000000080200000, 0x0000000080100000| Complete 
|   2|0x0000000080200000, 0x0000000080300000, 0x0000000080300000|100%|HC|  |TAMS 0x0000000080300000, 0x0000000080200000| Complete 
|   3|0x0000000080300000, 0x0000000080400000, 0x0000000080400000|100%|HC|  |TAMS 0x0000000080400000, 0x0000000080300000| Complete 
|   4|0x0000000080400000, 0x0000000080500000, 0x0000000080500000|100%| O|  |TAMS 0x0000000080500000, 0x0000000080400000| Untracked 
|   5|0x0000000080500000, 0x0000000080600000, 0x0000000080600000|100%| O|  |TAMS 0x0000000080600000, 0x0000000080500000| Untracked 
|   6|0x0000000080600000, 0x0000000080700000, 0x0000000080700000|100%| O|  |TAMS 0x0000000080700000, 0x0000000080600000| Untracked 
|   7|0x0000000080700000, 0x0000000080800000, 0x0000000080800000|100%| O|  |TAMS 0x0000000080800000, 0x0000000080700000| Untracked 
|   8|0x0000000080800000, 0x0000000080900000, 0x0000000080900000|100%| O|  |TAMS 0x0000000080900000, 0x0000000080800000| Untracked 
|   9|0x0000000080900000, 0x0000000080a00000, 0x0000000080a00000|100%| O|  |TAMS 0x0000000080a00000, 0x0000000080900000| Untracked 
|  10|0x0000000080a00000, 0x0000000080b00000, 0x0000000080b00000|100%| O|  |TAMS 0x0000000080b00000, 0x0000000080a00000| Untracked 
|  11|0x0000000080b00000, 0x0000000080c00000, 0x0000000080c00000|100%|HS|  |TAMS 0x0000000080c00000, 0x0000000080b00000| Complete 
|  12|0x0000000080c00000, 0x0000000080d00000, 0x0000000080d00000|100%| O|  |TAMS 0x0000000080d00000, 0x0000000080c00000| Untracked 
|  13|0x0000000080d00000, 0x0000000080e00000, 0x0000000080e00000|100%| O|  |TAMS 0x0000000080e00000, 0x0000000080d00000| Untracked 
|  14|0x0000000080e00000, 0x0000000080f00000, 0x0000000080f00000|100%| O|  |TAMS 0x0000000080f00000, 0x0000000080e00000| Untracked 
|  15|0x0000000080f00000, 0x0000000081000000, 0x0000000081000000|100%| O|  |TAMS 0x0000000081000000, 0x0000000080f00000| Untracked 
|  16|0x0000000081000000, 0x0000000081100000, 0x0000000081100000|100%| O|  |TAMS 0x0000000081100000, 0x0000000081000000| Untracked 
|  17|0x0000000081100000, 0x0000000081200000, 0x0000000081200000|100%| O|  |TAMS 0x0000000081200000, 0x0000000081100000| Untracked 
|  18|0x0000000081200000, 0x0000000081300000, 0x0000000081300000|100%| O|  |TAMS 0x0000000081300000, 0x0000000081200000| Untracked 
|  19|0x0000000081300000, 0x0000000081400000, 0x0000000081400000|100%| O|  |TAMS 0x0000000081400000, 0x0000000081300000| Untracked 
|  20|0x0000000081400000, 0x0000000081500000, 0x0000000081500000|100%| O|  |TAMS 0x0000000081500000, 0x0000000081400000| Untracked 
|  21|0x0000000081500000, 0x0000000081600000, 0x0000000081600000|100%| O|  |TAMS 0x0000000081600000, 0x0000000081500000| Untracked 
|  22|0x0000000081600000, 0x0000000081700000, 0x0000000081700000|100%| O|  |TAMS 0x0000000081700000, 0x0000000081600000| Untracked 
|  23|0x0000000081700000, 0x0000000081800000, 0x0000000081800000|100%| O|  |TAMS 0x0000000081800000, 0x0000000081700000| Untracked 
|  24|0x0000000081800000, 0x0000000081900000, 0x0000000081900000|100%| O|  |TAMS 0x0000000081900000, 0x0000000081800000| Untracked 
|  25|0x0000000081900000, 0x0000000081a00000, 0x0000000081a00000|100%| O|  |TAMS 0x0000000081a00000, 0x0000000081900000| Untracked 
|  26|0x0000000081a00000, 0x0000000081b00000, 0x0000000081b00000|100%| O|  |TAMS 0x0000000081b00000, 0x0000000081a00000| Untracked 
|  27|0x0000000081b00000, 0x0000000081c00000, 0x0000000081c00000|100%| O|  |TAMS 0x0000000081c00000, 0x0000000081b00000| Untracked 
|  28|0x0000000081c00000, 0x0000000081d00000, 0x0000000081d00000|100%| O|  |TAMS 0x0000000081d00000, 0x0000000081c00000| Untracked 
|  29|0x0000000081d00000, 0x0000000081e00000, 0x0000000081e00000|100%| O|  |TAMS 0x0000000081e00000, 0x0000000081d00000| Untracked 
|  30|0x0000000081e00000, 0x0000000081f00000, 0x0000000081f00000|100%| O|  |TAMS 0x0000000081f00000, 0x0000000081e00000| Untracked 
|  31|0x0000000081f00000, 0x0000000082000000, 0x0000000082000000|100%| O|  |TAMS 0x0000000082000000, 0x0000000081f00000| Untracked 
|  32|0x0000000082000000, 0x0000000082100000, 0x0000000082100000|100%| O|  |TAMS 0x0000000082100000, 0x0000000082000000| Untracked 
|  33|0x0000000082100000, 0x0000000082200000, 0x0000000082200000|100%| O|  |TAMS 0x0000000082200000, 0x0000000082100000| Untracked 
|  34|0x0000000082200000, 0x0000000082300000, 0x0000000082300000|100%| O|  |TAMS 0x0000000082300000, 0x0000000082200000| Untracked 
|  35|0x0000000082300000, 0x0000000082400000, 0x0000000082400000|100%| O|  |TAMS 0x0000000082400000, 0x0000000082300000| Untracked 
|  36|0x0000000082400000, 0x0000000082500000, 0x0000000082500000|100%| O|  |TAMS 0x0000000082500000, 0x0000000082400000| Untracked 
|  37|0x0000000082500000, 0x0000000082600000, 0x0000000082600000|100%| O|  |TAMS 0x0000000082600000, 0x0000000082500000| Untracked 
|  38|0x0000000082600000, 0x0000000082700000, 0x0000000082700000|100%| O|  |TAMS 0x0000000082700000, 0x0000000082600000| Untracked 
|  39|0x0000000082700000, 0x0000000082800000, 0x0000000082800000|100%| O|  |TAMS 0x0000000082800000, 0x0000000082700000| Untracked 
|  40|0x0000000082800000, 0x0000000082900000, 0x0000000082900000|100%| O|  |TAMS 0x0000000082900000, 0x0000000082800000| Untracked 
|  41|0x0000000082900000, 0x0000000082a00000, 0x0000000082a00000|100%| O|  |TAMS 0x0000000082a00000, 0x0000000082900000| Untracked 
|  42|0x0000000082a00000, 0x0000000082b00000, 0x0000000082b00000|100%| O|  |TAMS 0x0000000082a00000, 0x0000000082a00000| Untracked 
|  43|0x0000000082b00000, 0x0000000082c00000, 0x0000000082c00000|100%| O|  |TAMS 0x0000000082c00000, 0x0000000082b00000| Untracked 
|  44|0x0000000082c00000, 0x0000000082d00000, 0x0000000082d00000|100%| O|  |TAMS 0x0000000082d00000, 0x0000000082c00000| Untracked 
|  45|0x0000000082d00000, 0x0000000082e00000, 0x0000000082e00000|100%|HS|  |TAMS 0x0000000082e00000, 0x0000000082d00000| Complete 
|  46|0x0000000082e00000, 0x0000000082f00000, 0x0000000082f00000|100%| O|  |TAMS 0x0000000082f00000, 0x0000000082e00000| Untracked 
|  47|0x0000000082f00000, 0x0000000083000000, 0x0000000083000000|100%| O|  |TAMS 0x0000000083000000, 0x0000000082f00000| Untracked 
|  48|0x0000000083000000, 0x0000000083100000, 0x0000000083100000|100%|HS|  |TAMS 0x0000000083100000, 0x0000000083000000| Complete 
|  49|0x0000000083100000, 0x0000000083200000, 0x0000000083200000|100%|HS|  |TAMS 0x0000000083200000, 0x0000000083100000| Complete 
|  50|0x0000000083200000, 0x0000000083300000, 0x0000000083300000|100%| O|  |TAMS 0x0000000083300000, 0x0000000083200000| Untracked 
|  51|0x0000000083300000, 0x0000000083400000, 0x0000000083400000|100%|HS|  |TAMS 0x0000000083400000, 0x0000000083300000| Complete 
|  52|0x0000000083400000, 0x0000000083500000, 0x0000000083500000|100%|HS|  |TAMS 0x0000000083500000, 0x0000000083400000| Complete 
|  53|0x0000000083500000, 0x0000000083600000, 0x0000000083600000|100%|HC|  |TAMS 0x0000000083600000, 0x0000000083500000| Complete 
|  54|0x0000000083600000, 0x0000000083700000, 0x0000000083700000|100%|HS|  |TAMS 0x0000000083700000, 0x0000000083600000| Complete 
|  55|0x0000000083700000, 0x0000000083800000, 0x0000000083800000|100%|HS|  |TAMS 0x0000000083800000, 0x0000000083700000| Complete 
|  56|0x0000000083800000, 0x0000000083900000, 0x0000000083900000|100%|HS|  |TAMS 0x0000000083900000, 0x0000000083800000| Complete 
|  57|0x0000000083900000, 0x0000000083a00000, 0x0000000083a00000|100%|HS|  |TAMS 0x0000000083a00000, 0x0000000083900000| Complete 
|  58|0x0000000083a00000, 0x0000000083b00000, 0x0000000083b00000|100%| O|  |TAMS 0x0000000083b00000, 0x0000000083a00000| Untracked 
|  59|0x0000000083b00000, 0x0000000083c00000, 0x0000000083c00000|100%| O|  |TAMS 0x0000000083c00000, 0x0000000083b00000| Untracked 
|  60|0x0000000083c00000, 0x0000000083d00000, 0x0000000083d00000|100%| O|  |TAMS 0x0000000083d00000, 0x0000000083c00000| Untracked 
|  61|0x0000000083d00000, 0x0000000083e00000, 0x0000000083e00000|100%| O|  |TAMS 0x0000000083e00000, 0x0000000083d00000| Untracked 
|  62|0x0000000083e00000, 0x0000000083f00000, 0x0000000083f00000|100%| O|  |TAMS 0x0000000083f00000, 0x0000000083e00000| Untracked 
|  63|0x0000000083f00000, 0x0000000084000000, 0x0000000084000000|100%| O|  |TAMS 0x0000000084000000, 0x0000000083f00000| Untracked 
|  64|0x0000000084000000, 0x0000000084100000, 0x0000000084100000|100%|HS|  |TAMS 0x0000000084100000, 0x0000000084000000| Complete 
|  65|0x0000000084100000, 0x0000000084200000, 0x0000000084200000|100%|HC|  |TAMS 0x0000000084200000, 0x0000000084100000| Complete 
|  66|0x0000000084200000, 0x0000000084300000, 0x0000000084300000|100%| O|  |TAMS 0x0000000084300000, 0x0000000084200000| Untracked 
|  67|0x0000000084300000, 0x0000000084400000, 0x0000000084400000|100%| O|  |TAMS 0x0000000084400000, 0x0000000084300000| Untracked 
|  68|0x0000000084400000, 0x0000000084500000, 0x0000000084500000|100%| O|  |TAMS 0x0000000084500000, 0x0000000084400000| Untracked 
|  69|0x0000000084500000, 0x0000000084600000, 0x0000000084600000|100%| O|  |TAMS 0x0000000084600000, 0x0000000084500000| Untracked 
|  70|0x0000000084600000, 0x0000000084700000, 0x0000000084700000|100%| O|  |TAMS 0x0000000084700000, 0x0000000084600000| Untracked 
|  71|0x0000000084700000, 0x0000000084800000, 0x0000000084800000|100%| O|  |TAMS 0x0000000084800000, 0x0000000084700000| Untracked 
|  72|0x0000000084800000, 0x0000000084900000, 0x0000000084900000|100%| O|  |TAMS 0x0000000084900000, 0x0000000084800000| Untracked 
|  73|0x0000000084900000, 0x0000000084a00000, 0x0000000084a00000|100%| O|  |TAMS 0x0000000084a00000, 0x0000000084900000| Untracked 
|  74|0x0000000084a00000, 0x0000000084b00000, 0x0000000084b00000|100%| O|  |TAMS 0x0000000084b00000, 0x0000000084a00000| Untracked 
|  75|0x0000000084b00000, 0x0000000084c00000, 0x0000000084c00000|100%|HS|  |TAMS 0x0000000084c00000, 0x0000000084b00000| Complete 
|  76|0x0000000084c00000, 0x0000000084d00000, 0x0000000084d00000|100%| O|  |TAMS 0x0000000084d00000, 0x0000000084c00000| Untracked 
|  77|0x0000000084d00000, 0x0000000084e00000, 0x0000000084e00000|100%| O|  |TAMS 0x0000000084e00000, 0x0000000084d00000| Untracked 
|  78|0x0000000084e00000, 0x0000000084f00000, 0x0000000084f00000|100%| O|  |TAMS 0x0000000084f00000, 0x0000000084e00000| Untracked 
|  79|0x0000000084f00000, 0x0000000085000000, 0x0000000085000000|100%| O|  |TAMS 0x0000000085000000, 0x0000000084f00000| Untracked 
|  80|0x0000000085000000, 0x0000000085100000, 0x0000000085100000|100%| O|  |TAMS 0x0000000085100000, 0x0000000085000000| Untracked 
|  81|0x0000000085100000, 0x0000000085200000, 0x0000000085200000|100%| O|  |TAMS 0x0000000085200000, 0x0000000085100000| Complete 
|  82|0x0000000085200000, 0x000000008524ce00, 0x0000000085300000| 30%| O|  |TAMS 0x0000000085200000, 0x0000000085200000| Untracked 
|  83|0x0000000085300000, 0x0000000085300000, 0x0000000085400000|  0%| F|  |TAMS 0x0000000085300000, 0x0000000085300000| Untracked 
|  84|0x0000000085400000, 0x0000000085400000, 0x0000000085500000|  0%| F|  |TAMS 0x0000000085400000, 0x0000000085400000| Untracked 
|  85|0x0000000085500000, 0x0000000085500000, 0x0000000085600000|  0%| F|  |TAMS 0x0000000085500000, 0x0000000085500000| Untracked 
|  86|0x0000000085600000, 0x0000000085600000, 0x0000000085700000|  0%| F|  |TAMS 0x0000000085600000, 0x0000000085600000| Untracked 
|  87|0x0000000085700000, 0x0000000085700000, 0x0000000085800000|  0%| F|  |TAMS 0x0000000085700000, 0x0000000085700000| Untracked 
|  88|0x0000000085800000, 0x0000000085800000, 0x0000000085900000|  0%| F|  |TAMS 0x0000000085800000, 0x0000000085800000| Untracked 
|  89|0x0000000085900000, 0x0000000085900000, 0x0000000085a00000|  0%| F|  |TAMS 0x0000000085900000, 0x0000000085900000| Untracked 
|  90|0x0000000085a00000, 0x0000000085a00000, 0x0000000085b00000|  0%| F|  |TAMS 0x0000000085a00000, 0x0000000085a00000| Untracked 
|  91|0x0000000085b00000, 0x0000000085b00000, 0x0000000085c00000|  0%| F|  |TAMS 0x0000000085b00000, 0x0000000085b00000| Untracked 
|  92|0x0000000085c00000, 0x0000000085c00000, 0x0000000085d00000|  0%| F|  |TAMS 0x0000000085c00000, 0x0000000085c00000| Untracked 
|  93|0x0000000085d00000, 0x0000000085d00000, 0x0000000085e00000|  0%| F|  |TAMS 0x0000000085d00000, 0x0000000085d00000| Untracked 
|  94|0x0000000085e00000, 0x0000000085e00000, 0x0000000085f00000|  0%| F|  |TAMS 0x0000000085e00000, 0x0000000085e00000| Untracked 
|  95|0x0000000085f00000, 0x0000000085f00000, 0x0000000086000000|  0%| F|  |TAMS 0x0000000085f00000, 0x0000000085f00000| Untracked 
|  96|0x0000000086000000, 0x0000000086000000, 0x0000000086100000|  0%| F|  |TAMS 0x0000000086000000, 0x0000000086000000| Untracked 
|  97|0x0000000086100000, 0x0000000086100000, 0x0000000086200000|  0%| F|  |TAMS 0x0000000086100000, 0x0000000086100000| Untracked 
|  98|0x0000000086200000, 0x0000000086200000, 0x0000000086300000|  0%| F|  |TAMS 0x0000000086200000, 0x0000000086200000| Untracked 
|  99|0x0000000086300000, 0x000000008639c520, 0x0000000086400000| 61%| S|CS|TAMS 0x0000000086300000, 0x0000000086300000| Complete 
| 100|0x0000000086400000, 0x0000000086400000, 0x0000000086500000|  0%| F|  |TAMS 0x0000000086400000, 0x0000000086400000| Untracked 
| 101|0x0000000086500000, 0x0000000086500000, 0x0000000086600000|  0%| F|  |TAMS 0x0000000086500000, 0x0000000086500000| Untracked 
| 102|0x0000000086600000, 0x0000000086700000, 0x0000000086700000|100%| S|CS|TAMS 0x0000000086600000, 0x0000000086600000| Complete 
| 103|0x0000000086700000, 0x0000000086800000, 0x0000000086800000|100%| S|CS|TAMS 0x0000000086700000, 0x0000000086700000| Complete 
| 104|0x0000000086800000, 0x0000000086800000, 0x0000000086900000|  0%| F|  |TAMS 0x0000000086800000, 0x0000000086800000| Untracked 
| 105|0x0000000086900000, 0x0000000086a00000, 0x0000000086a00000|100%| S|CS|TAMS 0x0000000086900000, 0x0000000086900000| Complete 
| 106|0x0000000086a00000, 0x0000000086a00000, 0x0000000086b00000|  0%| F|  |TAMS 0x0000000086a00000, 0x0000000086a00000| Untracked 
| 107|0x0000000086b00000, 0x0000000086b00000, 0x0000000086c00000|  0%| F|  |TAMS 0x0000000086b00000, 0x0000000086b00000| Untracked 
| 108|0x0000000086c00000, 0x0000000086c00000, 0x0000000086d00000|  0%| F|  |TAMS 0x0000000086c00000, 0x0000000086c00000| Untracked 
| 109|0x0000000086d00000, 0x0000000086d00000, 0x0000000086e00000|  0%| F|  |TAMS 0x0000000086d00000, 0x0000000086d00000| Untracked 
| 110|0x0000000086e00000, 0x0000000086e00000, 0x0000000086f00000|  0%| F|  |TAMS 0x0000000086e00000, 0x0000000086e00000| Untracked 
| 111|0x0000000086f00000, 0x0000000086f00000, 0x0000000087000000|  0%| F|  |TAMS 0x0000000086f00000, 0x0000000086f00000| Untracked 
| 112|0x0000000087000000, 0x0000000087000000, 0x0000000087100000|  0%| F|  |TAMS 0x0000000087000000, 0x0000000087000000| Untracked 
| 113|0x0000000087100000, 0x0000000087100000, 0x0000000087200000|  0%| F|  |TAMS 0x0000000087100000, 0x0000000087100000| Untracked 
| 114|0x0000000087200000, 0x0000000087200000, 0x0000000087300000|  0%| F|  |TAMS 0x0000000087200000, 0x0000000087200000| Untracked 
| 115|0x0000000087300000, 0x0000000087300000, 0x0000000087400000|  0%| F|  |TAMS 0x0000000087300000, 0x0000000087300000| Untracked 
| 116|0x0000000087400000, 0x0000000087400000, 0x0000000087500000|  0%| F|  |TAMS 0x0000000087400000, 0x0000000087400000| Untracked 
| 117|0x0000000087500000, 0x0000000087500000, 0x0000000087600000|  0%| F|  |TAMS 0x0000000087500000, 0x0000000087500000| Untracked 
| 118|0x0000000087600000, 0x0000000087600000, 0x0000000087700000|  0%| F|  |TAMS 0x0000000087600000, 0x0000000087600000| Untracked 
| 119|0x0000000087700000, 0x0000000087700000, 0x0000000087800000|  0%| F|  |TAMS 0x0000000087700000, 0x0000000087700000| Untracked 
| 120|0x0000000087800000, 0x0000000087800000, 0x0000000087900000|  0%| F|  |TAMS 0x0000000087800000, 0x0000000087800000| Untracked 
| 121|0x0000000087900000, 0x0000000087900000, 0x0000000087a00000|  0%| F|  |TAMS 0x0000000087900000, 0x0000000087900000| Untracked 
| 122|0x0000000087a00000, 0x0000000087a00000, 0x0000000087b00000|  0%| F|  |TAMS 0x0000000087a00000, 0x0000000087a00000| Untracked 
| 123|0x0000000087b00000, 0x0000000087b00000, 0x0000000087c00000|  0%| F|  |TAMS 0x0000000087b00000, 0x0000000087b00000| Untracked 
| 124|0x0000000087c00000, 0x0000000087c00000, 0x0000000087d00000|  0%| F|  |TAMS 0x0000000087c00000, 0x0000000087c00000| Untracked 
| 125|0x0000000087d00000, 0x0000000087d00000, 0x0000000087e00000|  0%| F|  |TAMS 0x0000000087d00000, 0x0000000087d00000| Untracked 
| 126|0x0000000087e00000, 0x0000000087e00000, 0x0000000087f00000|  0%| F|  |TAMS 0x0000000087e00000, 0x0000000087e00000| Untracked 
| 127|0x0000000087f00000, 0x0000000088000000, 0x0000000088000000|100%| E|  |TAMS 0x0000000087f00000, 0x0000000087f00000| Complete 
| 128|0x0000000088000000, 0x0000000088100000, 0x0000000088100000|100%| E|CS|TAMS 0x0000000088000000, 0x0000000088000000| Complete 
| 129|0x0000000088100000, 0x0000000088200000, 0x0000000088200000|100%| E|CS|TAMS 0x0000000088100000, 0x0000000088100000| Complete 
| 130|0x0000000088200000, 0x0000000088300000, 0x0000000088300000|100%| E|CS|TAMS 0x0000000088200000, 0x0000000088200000| Complete 
| 131|0x0000000088300000, 0x0000000088400000, 0x0000000088400000|100%| E|CS|TAMS 0x0000000088300000, 0x0000000088300000| Complete 
| 132|0x0000000088400000, 0x0000000088500000, 0x0000000088500000|100%| E|CS|TAMS 0x0000000088400000, 0x0000000088400000| Complete 
| 133|0x0000000088500000, 0x0000000088600000, 0x0000000088600000|100%| E|CS|TAMS 0x0000000088500000, 0x0000000088500000| Complete 
| 134|0x0000000088600000, 0x0000000088700000, 0x0000000088700000|100%| E|CS|TAMS 0x0000000088600000, 0x0000000088600000| Complete 
| 135|0x0000000088700000, 0x0000000088800000, 0x0000000088800000|100%| E|CS|TAMS 0x0000000088700000, 0x0000000088700000| Complete 
| 136|0x0000000088800000, 0x0000000088900000, 0x0000000088900000|100%| E|CS|TAMS 0x0000000088800000, 0x0000000088800000| Complete 
| 137|0x0000000088900000, 0x0000000088a00000, 0x0000000088a00000|100%| E|CS|TAMS 0x0000000088900000, 0x0000000088900000| Complete 
| 138|0x0000000088a00000, 0x0000000088b00000, 0x0000000088b00000|100%| E|CS|TAMS 0x0000000088a00000, 0x0000000088a00000| Complete 
| 139|0x0000000088b00000, 0x0000000088c00000, 0x0000000088c00000|100%| E|CS|TAMS 0x0000000088b00000, 0x0000000088b00000| Complete 
| 140|0x0000000088c00000, 0x0000000088d00000, 0x0000000088d00000|100%| E|CS|TAMS 0x0000000088c00000, 0x0000000088c00000| Complete 
| 141|0x0000000088d00000, 0x0000000088e00000, 0x0000000088e00000|100%| E|CS|TAMS 0x0000000088d00000, 0x0000000088d00000| Complete 
| 142|0x0000000088e00000, 0x0000000088f00000, 0x0000000088f00000|100%| E|CS|TAMS 0x0000000088e00000, 0x0000000088e00000| Complete 
| 143|0x0000000088f00000, 0x0000000089000000, 0x0000000089000000|100%| E|CS|TAMS 0x0000000088f00000, 0x0000000088f00000| Complete 
| 144|0x0000000089000000, 0x0000000089100000, 0x0000000089100000|100%| E|CS|TAMS 0x0000000089000000, 0x0000000089000000| Complete 
| 145|0x0000000089100000, 0x0000000089200000, 0x0000000089200000|100%| E|CS|TAMS 0x0000000089100000, 0x0000000089100000| Complete 
| 146|0x0000000089200000, 0x0000000089300000, 0x0000000089300000|100%| E|CS|TAMS 0x0000000089200000, 0x0000000089200000| Complete 
| 147|0x0000000089300000, 0x0000000089400000, 0x0000000089400000|100%| E|CS|TAMS 0x0000000089300000, 0x0000000089300000| Complete 
| 148|0x0000000089400000, 0x0000000089500000, 0x0000000089500000|100%| E|CS|TAMS 0x0000000089400000, 0x0000000089400000| Complete 

Card table byte_map: [0x000001ea7a230000,0x000001ea7a630000] _byte_map_base: 0x000001ea79e30000

Marking Bits (Prev, Next): (CMBitMap*) 0x000001ea62fd4500, (CMBitMap*) 0x000001ea62fd44c0
 Prev Bits: [0x000001ea7ca30000, 0x000001ea7ea30000)
 Next Bits: [0x000001ea7aa30000, 0x000001ea7ca30000)

Polling page: 0x000001ea60ef0000

Metaspace:

Usage:
  Non-class:     72.46 MB used.
      Class:     11.87 MB used.
       Both:     84.33 MB used.

Virtual space:
  Non-class space:      128.00 MB reserved,      73.06 MB ( 57%) committed,  2 nodes.
      Class space:        1.00 GB reserved,      12.38 MB (  1%) committed,  1 nodes.
             Both:        1.12 GB reserved,      85.44 MB (  7%) committed. 

Chunk freelists:
   Non-Class:  6.11 MB
       Class:  3.63 MB
        Both:  9.74 MB

MaxMetaspaceSize: unlimited
CompressedClassSpaceSize: 1.00 GB
Initial GC threshold: 21.00 MB
Current GC threshold: 140.88 MB
CDS: on
MetaspaceReclaimPolicy: balanced
 - commit_granule_bytes: 65536.
 - commit_granule_words: 8192.
 - virtual_space_node_default_size: 8388608.
 - enlarge_chunks_in_place: 1.
 - new_chunks_are_fully_committed: 0.
 - uncommit_free_chunks: 1.
 - use_allocation_guard: 0.
 - handle_deallocations: 1.


Internal statistics:

num_allocs_failed_limit: 6.
num_arena_births: 1734.
num_arena_deaths: 0.
num_vsnodes_births: 3.
num_vsnodes_deaths: 0.
num_space_committed: 1367.
num_space_uncommitted: 0.
num_chunks_returned_to_freelist: 6.
num_chunks_taken_from_freelist: 5675.
num_chunk_merges: 3.
num_chunk_splits: 3612.
num_chunks_enlarged: 2230.
num_inconsistent_stats: 0.

CodeHeap 'non-profiled nmethods': size=120000Kb used=5810Kb max_used=5810Kb free=114189Kb
 bounds [0x000001ea725d0000, 0x000001ea72b80000, 0x000001ea79b00000]
CodeHeap 'profiled nmethods': size=120000Kb used=19787Kb max_used=19787Kb free=100212Kb
 bounds [0x000001ea6ab00000, 0x000001ea6be60000, 0x000001ea72030000]
CodeHeap 'non-nmethods': size=5760Kb used=1737Kb max_used=1810Kb free=4022Kb
 bounds [0x000001ea72030000, 0x000001ea722a0000, 0x000001ea725d0000]
 total_blobs=10778 nmethods=9945 adapters=745
 compilation: enabled
              stopped_count=0, restarted_count=0
 full_count=0

Compilation events (20 events):
Event: 92.468 Thread 0x000001ea7f468b40 10736   !   3       sun.reflect.annotation.AnnotationParser::parseEnumValue (123 bytes)
Event: 92.470 Thread 0x000001ea7f468b40 nmethod 10736 0x000001ea6be43410 code [0x000001ea6be43740, 0x000001ea6be445c8]
Event: 92.470 Thread 0x000001ea7f468b40 10737       1       jdk.internal.loader.AbstractClassLoaderValue$Sub::key (5 bytes)
Event: 92.470 Thread 0x000001ea7f468b40 nmethod 10737 0x000001ea72b7c410 code [0x000001ea72b7c5a0, 0x000001ea72b7c678]
Event: 92.470 Thread 0x000001ea7f468b40 10738       1       java.lang.reflect.ProxyGenerator::getClassLoader (5 bytes)
Event: 92.470 Thread 0x000001ea7f468b40 nmethod 10738 0x000001ea72b7c710 code [0x000001ea72b7c8a0, 0x000001ea72b7c978]
Event: 92.471 Thread 0x000001ea7f468b40 10739       3       java.lang.Class::enumConstantDirectory (119 bytes)
Event: 92.472 Thread 0x000001ea7f468b40 nmethod 10739 0x000001ea6be44c90 code [0x000001ea6be44f60, 0x000001ea6be45b38]
Event: 92.475 Thread 0x000001ea7f468b40 10741       3       java.lang.CharacterDataLatin1::isLowerCase (16 bytes)
Event: 92.475 Thread 0x000001ea7f468b40 nmethod 10741 0x000001ea6be45f90 code [0x000001ea6be46140, 0x000001ea6be46358]
Event: 92.475 Thread 0x000001ea7f468b40 10742       3       org.gradle.internal.instantiation.generator.AsmBackedClassGenerator$ClassBuilderImpl::lambda$addLazyGroovySupportSetterOverloads$12 (12 bytes)
Event: 92.476 Thread 0x000001ea7f468b40 nmethod 10742 0x000001ea6be46490 code [0x000001ea6be46640, 0x000001ea6be467e8]
Event: 92.476 Thread 0x000001ea7f468b40 10744       3       org.gradle.internal.instantiation.generator.AsmBackedClassGenerator::access$4900 (6 bytes)
Event: 92.477 Thread 0x000001ea7f468b40 nmethod 10744 0x000001ea6be46890 code [0x000001ea6be46a40, 0x000001ea6be46b48]
Event: 92.477 Thread 0x000001ea7f468b40 10745       3       org.gradle.internal.instantiation.generator.AsmBackedClassGenerator::rawTypeParam (96 bytes)
Event: 92.479 Thread 0x000001ea7f468b40 nmethod 10745 0x000001ea6be46c10 code [0x000001ea6be46fc0, 0x000001ea6be489d8]
Event: 92.522 Thread 0x000001ea7f468b40 10747       3       org.gradle.internal.classloader.ClassLoaderUtils::defineDecorator (13 bytes)
Event: 92.522 Thread 0x000001ea7f468b40 nmethod 10747 0x000001ea6be49110 code [0x000001ea6be492c0, 0x000001ea6be49408]
Event: 92.522 Thread 0x000001ea7f468b40 10748   !   3       org.gradle.internal.classloader.ClassLoaderUtils$LookupClassDefiner::defineDecoratorClass (47 bytes)
Event: 92.524 Thread 0x000001ea7f468b40 nmethod 10748 0x000001ea6be49510 code [0x000001ea6be497a0, 0x000001ea6be4a418]

GC Heap History (20 events):
Event: 77.446 GC heap before
{Heap before GC invocations=37 (full 0):
 garbage-first heap   total 111616K, used 91078K [0x0000000080000000, 0x0000000100000000)
  region size 1024K, 23 young (23552K), 2 survivors (2048K)
 Metaspace       used 67668K, committed 68672K, reserved 1114112K
  class space    used 9373K, committed 9856K, reserved 1048576K
}
Event: 77.452 GC heap after
{Heap after GC invocations=38 (full 0):
 garbage-first heap   total 111616K, used 71860K [0x0000000080000000, 0x0000000100000000)
  region size 1024K, 3 young (3072K), 3 survivors (3072K)
 Metaspace       used 67668K, committed 68672K, reserved 1114112K
  class space    used 9373K, committed 9856K, reserved 1048576K
}
Event: 77.543 GC heap before
{Heap before GC invocations=38 (full 0):
 garbage-first heap   total 111616K, used 82100K [0x0000000080000000, 0x0000000100000000)
  region size 1024K, 11 young (11264K), 3 survivors (3072K)
 Metaspace       used 67677K, committed 68672K, reserved 1114112K
  class space    used 9375K, committed 9856K, reserved 1048576K
}
Event: 77.551 GC heap after
{Heap after GC invocations=39 (full 0):
 garbage-first heap   total 111616K, used 76955K [0x0000000080000000, 0x0000000100000000)
  region size 1024K, 3 young (3072K), 3 survivors (3072K)
 Metaspace       used 67677K, committed 68672K, reserved 1114112K
  class space    used 9375K, committed 9856K, reserved 1048576K
}
Event: 78.101 GC heap before
{Heap before GC invocations=40 (full 0):
 garbage-first heap   total 145408K, used 92315K [0x0000000080000000, 0x0000000100000000)
  region size 1024K, 15 young (15360K), 3 survivors (3072K)
 Metaspace       used 67975K, committed 68992K, reserved 1114112K
  class space    used 9436K, committed 9920K, reserved 1048576K
}
Event: 78.106 GC heap after
{Heap after GC invocations=41 (full 0):
 garbage-first heap   total 145408K, used 76197K [0x0000000080000000, 0x0000000100000000)
  region size 1024K, 2 young (2048K), 2 survivors (2048K)
 Metaspace       used 67975K, committed 68992K, reserved 1114112K
  class space    used 9436K, committed 9920K, reserved 1048576K
}
Event: 80.509 GC heap before
{Heap before GC invocations=41 (full 0):
 garbage-first heap   total 145408K, used 118181K [0x0000000080000000, 0x0000000100000000)
  region size 1024K, 43 young (44032K), 2 survivors (2048K)
 Metaspace       used 70948K, committed 72000K, reserved 1114112K
  class space    used 9787K, committed 10304K, reserved 1048576K
}
Event: 80.515 GC heap after
{Heap after GC invocations=42 (full 0):
 garbage-first heap   total 145408K, used 77883K [0x0000000080000000, 0x0000000100000000)
  region size 1024K, 3 young (3072K), 3 survivors (3072K)
 Metaspace       used 70948K, committed 72000K, reserved 1114112K
  class space    used 9787K, committed 10304K, reserved 1048576K
}
Event: 83.362 GC heap before
{Heap before GC invocations=42 (full 0):
 garbage-first heap   total 145408K, used 118843K [0x0000000080000000, 0x0000000100000000)
  region size 1024K, 44 young (45056K), 3 survivors (3072K)
 Metaspace       used 73222K, committed 74240K, reserved 1114112K
  class space    used 10063K, committed 10560K, reserved 1048576K
}
Event: 83.370 GC heap after
{Heap after GC invocations=43 (full 0):
 garbage-first heap   total 145408K, used 81525K [0x0000000080000000, 0x0000000100000000)
  region size 1024K, 6 young (6144K), 6 survivors (6144K)
 Metaspace       used 73222K, committed 74240K, reserved 1114112K
  class space    used 10063K, committed 10560K, reserved 1048576K
}
Event: 85.232 GC heap before
{Heap before GC invocations=44 (full 0):
 garbage-first heap   total 145408K, used 119413K [0x0000000080000000, 0x0000000100000000)
  region size 1024K, 43 young (44032K), 6 survivors (6144K)
 Metaspace       used 76058K, committed 77056K, reserved 1179648K
  class space    used 10493K, committed 10944K, reserved 1048576K
}
Event: 85.239 GC heap after
{Heap after GC invocations=45 (full 0):
 garbage-first heap   total 145408K, used 83502K [0x0000000080000000, 0x0000000100000000)
  region size 1024K, 2 young (2048K), 2 survivors (2048K)
 Metaspace       used 76058K, committed 77056K, reserved 1179648K
  class space    used 10493K, committed 10944K, reserved 1048576K
}
Event: 85.464 GC heap before
{Heap before GC invocations=45 (full 0):
 garbage-first heap   total 145408K, used 87598K [0x0000000080000000, 0x0000000100000000)
  region size 1024K, 7 young (7168K), 2 survivors (2048K)
 Metaspace       used 76443K, committed 77504K, reserved 1179648K
  class space    used 10571K, committed 11072K, reserved 1048576K
}
Event: 85.467 GC heap after
{Heap after GC invocations=46 (full 0):
 garbage-first heap   total 145408K, used 83390K [0x0000000080000000, 0x0000000100000000)
  region size 1024K, 1 young (1024K), 1 survivors (1024K)
 Metaspace       used 76443K, committed 77504K, reserved 1179648K
  class space    used 10571K, committed 11072K, reserved 1048576K
}
Event: 87.093 GC heap before
{Heap before GC invocations=46 (full 0):
 garbage-first heap   total 145408K, used 121278K [0x0000000080000000, 0x0000000100000000)
  region size 1024K, 38 young (38912K), 1 survivors (1024K)
 Metaspace       used 79131K, committed 80064K, reserved 1179648K
  class space    used 11006K, committed 11456K, reserved 1048576K
}
Event: 87.098 GC heap after
{Heap after GC invocations=47 (full 0):
 garbage-first heap   total 145408K, used 84301K [0x0000000080000000, 0x0000000100000000)
  region size 1024K, 2 young (2048K), 2 survivors (2048K)
 Metaspace       used 79131K, committed 80064K, reserved 1179648K
  class space    used 11006K, committed 11456K, reserved 1048576K
}
Event: 89.850 GC heap before
{Heap before GC invocations=47 (full 0):
 garbage-first heap   total 145408K, used 122189K [0x0000000080000000, 0x0000000100000000)
  region size 1024K, 39 young (39936K), 2 survivors (2048K)
 Metaspace       used 81735K, committed 82816K, reserved 1179648K
  class space    used 11389K, committed 11904K, reserved 1048576K
}
Event: 89.855 GC heap after
{Heap after GC invocations=48 (full 0):
 garbage-first heap   total 145408K, used 85891K [0x0000000080000000, 0x0000000100000000)
  region size 1024K, 3 young (3072K), 3 survivors (3072K)
 Metaspace       used 81735K, committed 82816K, reserved 1179648K
  class space    used 11389K, committed 11904K, reserved 1048576K
}
Event: 91.766 GC heap before
{Heap before GC invocations=48 (full 0):
 garbage-first heap   total 145408K, used 121731K [0x0000000080000000, 0x0000000100000000)
  region size 1024K, 39 young (39936K), 3 survivors (3072K)
 Metaspace       used 85346K, committed 86400K, reserved 1179648K
  class space    used 11975K, committed 12480K, reserved 1048576K
}
Event: 91.777 GC heap after
{Heap after GC invocations=49 (full 0):
 garbage-first heap   total 145408K, used 87972K [0x0000000080000000, 0x0000000100000000)
  region size 1024K, 4 young (4096K), 4 survivors (4096K)
 Metaspace       used 85346K, committed 86400K, reserved 1179648K
  class space    used 11975K, committed 12480K, reserved 1048576K
}

Dll operation events (15 events):
Event: 0.037 Loaded shared library C:\Program Files\Eclipse Adoptium\jdk-17.0.20.101-hotspot\bin\java.dll
Event: 0.102 Loaded shared library C:\Program Files\Eclipse Adoptium\jdk-17.0.20.101-hotspot\bin\jsvml.dll
Event: 0.250 Loaded shared library C:\Program Files\Eclipse Adoptium\jdk-17.0.20.101-hotspot\bin\zip.dll
Event: 0.265 Loaded shared library C:\Program Files\Eclipse Adoptium\jdk-17.0.20.101-hotspot\bin\instrument.dll
Event: 0.283 Loaded shared library C:\Program Files\Eclipse Adoptium\jdk-17.0.20.101-hotspot\bin\net.dll
Event: 0.287 Loaded shared library C:\Program Files\Eclipse Adoptium\jdk-17.0.20.101-hotspot\bin\nio.dll
Event: 0.291 Loaded shared library C:\Program Files\Eclipse Adoptium\jdk-17.0.20.101-hotspot\bin\zip.dll
Event: 0.855 Loaded shared library C:\Program Files\Eclipse Adoptium\jdk-17.0.20.101-hotspot\bin\jimage.dll
Event: 1.629 Loaded shared library C:\Program Files\Eclipse Adoptium\jdk-17.0.20.101-hotspot\bin\verify.dll
Event: 1.793 Loaded shared library C:\Users\Administrator\.gradle\native\660c5614fbf4a5f2a75b1949f50a0caf5cd603558e7d8a26e50b933a0cfb79d1\windows-amd64\native-platform.dll
Event: 1.840 Loaded shared library C:\Users\Administrator\.gradle\native\0.2.8\x86_64-windows-gnu\gradle-fileevents.dll
Event: 6.090 Loaded shared library C:\Program Files\Eclipse Adoptium\jdk-17.0.20.101-hotspot\bin\management.dll
Event: 6.107 Loaded shared library C:\Program Files\Eclipse Adoptium\jdk-17.0.20.101-hotspot\bin\management_ext.dll
Event: 7.239 Loaded shared library C:\Program Files\Eclipse Adoptium\jdk-17.0.20.101-hotspot\bin\extnet.dll
Event: 8.177 Loaded shared library C:\Program Files\Eclipse Adoptium\jdk-17.0.20.101-hotspot\bin\sunmscapi.dll

Deoptimization events (20 events):
Event: 91.562 Thread 0x000001ea4b5d6e80 Uncommon trap: trap_request=0xffffffc6 fr.pc=0x000001ea728f94ec relative=0x000000000000116c
Event: 91.562 Thread 0x000001ea4b5d6e80 Uncommon trap: reason=bimorphic_or_optimized_type_check action=maybe_recompile pc=0x000001ea728f94ec method=java.util.Collections$SetFromMap.remove(Ljava/lang/Object;)Z @ 5 c2
Event: 91.563 Thread 0x000001ea4b5d6e80 DEOPT PACKING pc=0x000001ea728f94ec sp=0x00000003d44fecc0
Event: 91.563 Thread 0x000001ea4b5d6e80 DEOPT UNPACKING pc=0x000001ea720869a3 sp=0x00000003d44fecc8 mode 2
Event: 91.569 Thread 0x000001ea7f9ae1b0 DEOPT PACKING pc=0x000001ea6aea121c sp=0x00000003d20fece0
Event: 91.569 Thread 0x000001ea7f9ae1b0 DEOPT UNPACKING pc=0x000001ea72087143 sp=0x00000003d20fe158 mode 0
Event: 91.607 Thread 0x000001ea7f9b0010 Uncommon trap: trap_request=0xffffff3d fr.pc=0x000001ea728adb0c relative=0x00000000000053ec
Event: 91.607 Thread 0x000001ea7f9b0010 Uncommon trap: reason=unstable_fused_if action=reinterpret pc=0x000001ea728adb0c method=org.objectweb.asm.Frame.execute(IILorg/objectweb/asm/Symbol;Lorg/objectweb/asm/SymbolTable;)V @ 1 c2
Event: 91.607 Thread 0x000001ea7f9b0010 DEOPT PACKING pc=0x000001ea728adb0c sp=0x00000003d1df8820
Event: 91.607 Thread 0x000001ea7f9b0010 DEOPT UNPACKING pc=0x000001ea720869a3 sp=0x00000003d1df87c8 mode 2
Event: 91.704 Thread 0x000001ea7f9b0010 DEOPT PACKING pc=0x000001ea6b891ea3 sp=0x00000003d1df92a0
Event: 91.704 Thread 0x000001ea7f9b0010 DEOPT UNPACKING pc=0x000001ea72087143 sp=0x00000003d1df87d8 mode 0
Event: 91.819 Thread 0x000001ea7f9b0010 DEOPT PACKING pc=0x000001ea6bc4a28f sp=0x00000003d1df8c50
Event: 91.819 Thread 0x000001ea7f9b0010 DEOPT UNPACKING pc=0x000001ea72087143 sp=0x00000003d1df8220 mode 0
Event: 92.157 Thread 0x000001ea7f9b0010 DEOPT PACKING pc=0x000001ea6bc4a28f sp=0x00000003d1df8c50
Event: 92.157 Thread 0x000001ea7f9b0010 DEOPT UNPACKING pc=0x000001ea72087143 sp=0x00000003d1df8220 mode 0
Event: 92.322 Thread 0x000001ea7f9b0010 Uncommon trap: trap_request=0xffffff45 fr.pc=0x000001ea7263c8ac relative=0x00000000000001ec
Event: 92.322 Thread 0x000001ea7f9b0010 Uncommon trap: reason=unstable_if action=reinterpret pc=0x000001ea7263c8ac method=java.util.HashMap.hash(Ljava/lang/Object;)I @ 1 c2
Event: 92.322 Thread 0x000001ea7f9b0010 DEOPT PACKING pc=0x000001ea7263c8ac sp=0x00000003d1df8f90
Event: 92.322 Thread 0x000001ea7f9b0010 DEOPT UNPACKING pc=0x000001ea720869a3 sp=0x00000003d1df8e50 mode 2

Classes loaded (20 events):
Event: 90.375 Loading class java/util/AbstractSetCustomizer
Event: 90.375 Loading class java/util/AbstractSetCustomizer done
Event: 90.385 Loading class java/util/TreeSetCustomizer
Event: 90.385 Loading class java/util/TreeSetCustomizer done
Event: 90.386 Loading class java/util/TreeSetCustomizer
Event: 90.386 Loading class java/util/TreeSetCustomizer done
Event: 91.187 Loading class java/util/stream/ReduceOps$5
Event: 91.188 Loading class java/util/stream/ReduceOps$5 done
Event: 91.188 Loading class java/util/stream/ReduceOps$CountingSink$OfRef
Event: 91.189 Loading class java/util/stream/ReduceOps$CountingSink
Event: 91.189 Loading class java/util/stream/ReduceOps$CountingSink done
Event: 91.189 Loading class java/util/stream/ReduceOps$CountingSink$OfRef done
Event: 91.406 Loading class java/util/stream/SliceOps
Event: 91.408 Loading class java/util/stream/SliceOps done
Event: 91.408 Loading class java/util/stream/SliceOps$1
Event: 91.410 Loading class java/util/stream/SliceOps$1 done
Event: 91.413 Loading class java/util/stream/SliceOps$1$1
Event: 91.413 Loading class java/util/stream/SliceOps$1$1 done
Event: 91.569 Loading class java/util/concurrent/ConcurrentLinkedQueue$Itr
Event: 91.570 Loading class java/util/concurrent/ConcurrentLinkedQueue$Itr done

Classes unloaded (0 events):
No events

Classes redefined (0 events):
No events

Internal exceptions (20 events):
Event: 90.353 Thread 0x000001ea7f9b0010 Exception <a 'java/lang/NoSuchMethodError'{0x000000008806feb8}: 'java.lang.Object java.lang.invoke.DirectMethodHandle$Holder.invokeStatic(java.lang.Object, java.lang.Object, java.lang.Object, java.lang.Object, java.lang.Object, java.lang.Object, int, java.lang.Object, java.lang.Object)'> (0x000000008806feb8) 
thrown [s\src\hotspot\share\interpreter\linkResolver.cpp, line 759]
Event: 90.374 Thread 0x000001ea7f9b0010 Exception <a 'java/lang/ClassNotFoundException'{0x00000000880cd768}: java/util/TreeSetBeanInfo> (0x00000000880cd768) 
thrown [s\src\hotspot\share\classfile\systemDictionary.cpp, line 257]
Event: 90.374 Thread 0x000001ea7f9b0010 Exception <a 'java/lang/ClassNotFoundException'{0x00000000880d4280}: java/util/AbstractSetBeanInfo> (0x00000000880d4280) 
thrown [s\src\hotspot\share\classfile\systemDictionary.cpp, line 257]
Event: 90.375 Thread 0x000001ea7f9b0010 Exception <a 'java/lang/ClassNotFoundException'{0x00000000880dae40}: java/util/AbstractSetCustomizer> (0x00000000880dae40) 
thrown [s\src\hotspot\share\classfile\systemDictionary.cpp, line 257]
Event: 90.386 Thread 0x000001ea7f9b0010 Exception <a 'java/lang/ClassNotFoundException'{0x0000000087f08150}: java/util/TreeSetCustomizer> (0x0000000087f08150) 
thrown [s\src\hotspot\share\classfile\systemDictionary.cpp, line 257]
Event: 90.626 Thread 0x000001ea7f9b0010 Implicit null exception at 0x000001ea72b05ae8 to 0x000001ea72b06c90
Event: 90.627 Thread 0x000001ea7f9b0010 Implicit null exception at 0x000001ea72b14fa8 to 0x000001ea72b17598
Event: 90.652 Thread 0x000001ea7f9b0010 Exception <a 'java/lang/IncompatibleClassChangeError'{0x0000000087d77400}: Found class java.lang.Object, but interface was expected> (0x0000000087d77400) 
thrown [s\src\hotspot\share\interpreter\linkResolver.cpp, line 826]
Event: 90.973 Thread 0x000001ea7f9ae1b0 Exception <a 'java/lang/NoSuchMethodError'{0x0000000087805648}: static Lorg/gradle/tooling/internal/provider/PhasedBuildActionResult;.<clinit>()V> (0x0000000087805648) 
thrown [s\src\hotspot\share\prims\jni.cpp, line 1112]
Event: 90.974 Thread 0x000001ea7f9ae1b0 Exception <a 'java/lang/NoSuchMethodError'{0x000000008780d958}: static Lorg/gradle/tooling/internal/provider/serialization/SerializedPayload;.<clinit>()V> (0x000000008780d958) 
thrown [s\src\hotspot\share\prims\jni.cpp, line 1112]
Event: 91.357 Thread 0x000001ea4b5d7db0 Exception <a 'java/lang/NoSuchMethodError'{0x00000000872c8938}: 'java.lang.Object java.lang.invoke.DirectMethodHandle$Holder.newInvokeSpecial(java.lang.Object, java.lang.Object, int, java.lang.Object, java.lang.Object)'> (0x00000000872c8938) 
thrown [s\src\hotspot\share\interpreter\linkResolver.cpp, line 759]
Event: 91.357 Thread 0x000001ea4b5d7db0 Exception <a 'java/lang/NoSuchMethodError'{0x00000000872cc8b8}: 'java.lang.Object java.lang.invoke.Invokers$Holder.linkToTargetMethod(java.lang.Object, int, java.lang.Object, java.lang.Object, java.lang.Object)'> (0x00000000872cc8b8) 
thrown [s\src\hotspot\share\interpreter\linkResolver.cpp, line 759]
Event: 91.547 Thread 0x000001ea4b5d6e80 Implicit null exception at 0x000001ea72b50bc0 to 0x000001ea72b51670
Event: 91.548 Thread 0x000001ea7f9ae1b0 Exception <a 'java/lang/NoSuchMethodError'{0x0000000086e62a38}: static Lorg/gradle/internal/build/event/types/DefaultTaskStartedProgressEvent;.<clinit>()V> (0x0000000086e62a38) 
thrown [s\src\hotspot\share\prims\jni.cpp, line 1112]
Event: 91.549 Thread 0x000001ea7f9ae1b0 Exception <a 'java/lang/NoSuchMethodError'{0x0000000086e6d270}: static Lorg/gradle/internal/build/event/types/DefaultTaskDescriptor;.<clinit>()V> (0x0000000086e6d270) 
thrown [s\src\hotspot\share\prims\jni.cpp, line 1112]
Event: 91.563 Thread 0x000001ea7f9ae1b0 Exception <a 'java/lang/NoSuchMethodError'{0x0000000086ebb350}: static Lorg/gradle/internal/build/event/types/DefaultTaskFinishedProgressEvent;.<clinit>()V> (0x0000000086ebb350) 
thrown [s\src\hotspot\share\prims\jni.cpp, line 1112]
Event: 91.568 Thread 0x000001ea7f9ae1b0 Exception <a 'java/lang/NoSuchMethodError'{0x0000000086ece9f0}: static Lorg/gradle/internal/build/event/types/DefaultTaskSuccessResult;.<clinit>()V> (0x0000000086ece9f0) 
thrown [s\src\hotspot\share\prims\jni.cpp, line 1112]
Event: 91.569 Thread 0x000001ea7f9ae1b0 Exception <a 'java/lang/NoSuchMethodError'{0x0000000086ecfd10}: static Lorg/gradle/internal/build/event/types/AbstractTaskResult;.<clinit>()V> (0x0000000086ecfd10) 
thrown [s\src\hotspot\share\prims\jni.cpp, line 1112]
Event: 91.591 Thread 0x000001ea7f9b0010 Exception <a 'java/lang/NoSuchMethodError'{0x0000000086d43140}: 'java.lang.Object java.lang.invoke.DirectMethodHandle$Holder.invokeStatic(java.lang.Object, int, java.lang.Object)'> (0x0000000086d43140) 
thrown [s\src\hotspot\share\interpreter\linkResolver.cpp, line 759]
Event: 92.322 Thread 0x000001ea7f9b0010 Implicit null exception at 0x000001ea7263c711 to 0x000001ea7263c894

VM Operations (20 events):
Event: 89.850 Executing VM operation: G1CollectForAllocation
Event: 89.855 Executing VM operation: G1CollectForAllocation done
Event: 90.044 Executing VM operation: HandshakeAllThreads
Event: 90.044 Executing VM operation: HandshakeAllThreads done
Event: 91.052 Executing VM operation: Cleanup
Event: 91.052 Executing VM operation: Cleanup done
Event: 91.104 Executing VM operation: HandshakeAllThreads
Event: 91.105 Executing VM operation: HandshakeAllThreads done
Event: 91.413 Executing VM operation: HandshakeAllThreads
Event: 91.413 Executing VM operation: HandshakeAllThreads done
Event: 91.545 Executing VM operation: HandshakeAllThreads
Event: 91.545 Executing VM operation: HandshakeAllThreads done
Event: 91.558 Executing VM operation: HandshakeAllThreads
Event: 91.559 Executing VM operation: HandshakeAllThreads done
Event: 91.766 Executing VM operation: G1CollectForAllocation
Event: 91.777 Executing VM operation: G1CollectForAllocation done
Event: 91.914 Executing VM operation: G1PauseRemark
Event: 91.936 Executing VM operation: G1PauseRemark done
Event: 91.993 Executing VM operation: G1PauseCleanup
Event: 91.994 Executing VM operation: G1PauseCleanup done

Memory protections (0 events):
No events

Nmethod flushes (20 events):
Event: 45.400 Thread 0x000001ea7f469450 flushing  nmethod 0x000001ea6b2ce910
Event: 45.400 Thread 0x000001ea7f469450 flushing  nmethod 0x000001ea6b2d3190
Event: 45.400 Thread 0x000001ea7f469450 flushing  nmethod 0x000001ea6b2d5290
Event: 45.400 Thread 0x000001ea7f469450 flushing  nmethod 0x000001ea6b2d7110
Event: 45.401 Thread 0x000001ea7f469450 flushing  nmethod 0x000001ea6b314490
Event: 45.401 Thread 0x000001ea7f469450 flushing  nmethod 0x000001ea6b320d10
Event: 45.401 Thread 0x000001ea7f469450 flushing  nmethod 0x000001ea6b321210
Event: 45.402 Thread 0x000001ea7f469450 flushing  nmethod 0x000001ea6b339a90
Event: 45.402 Thread 0x000001ea7f469450 flushing  nmethod 0x000001ea6b33dd90
Event: 45.402 Thread 0x000001ea7f469450 flushing  nmethod 0x000001ea6b358110
Event: 45.402 Thread 0x000001ea7f469450 flushing  nmethod 0x000001ea6b35e690
Event: 45.402 Thread 0x000001ea7f469450 flushing  nmethod 0x000001ea6b35ea10
Event: 45.402 Thread 0x000001ea7f469450 flushing  nmethod 0x000001ea6b36f410
Event: 45.402 Thread 0x000001ea7f469450 flushing  nmethod 0x000001ea6b391190
Event: 45.403 Thread 0x000001ea7f469450 flushing  nmethod 0x000001ea6b3db510
Event: 45.403 Thread 0x000001ea7f469450 flushing  nmethod 0x000001ea6b426d10
Event: 45.404 Thread 0x000001ea7f469450 flushing  nmethod 0x000001ea6b4a1810
Event: 45.404 Thread 0x000001ea7f469450 flushing  nmethod 0x000001ea6b4a2810
Event: 45.404 Thread 0x000001ea7f469450 flushing  nmethod 0x000001ea6b4cd410
Event: 45.405 Thread 0x000001ea7f469450 flushing  nmethod 0x000001ea6b505410

Events (20 events):
Event: 25.232 Thread 0x000001ea7f9b0010 Thread added: 0x000001ea49fad250
Event: 39.989 Thread 0x000001ea7f9b0010 Thread added: 0x000001ea49fb2d70
Event: 40.451 Thread 0x000001ea7f9b0010 Thread added: 0x000001ea49fb3280
Event: 42.272 Thread 0x000001ea7f9b0010 Thread added: 0x000001ea49fb3790
Event: 56.429 Thread 0x000001ea7f9b0010 Thread added: 0x000001ea49fb1930
Event: 56.431 Thread 0x000001ea7f9b0010 Thread added: 0x000001ea49fb41b0
Event: 56.432 Thread 0x000001ea7f9b0010 Thread added: 0x000001ea4b5d9c10
Event: 56.433 Thread 0x000001ea7f9b0010 Thread added: 0x000001ea4b5da120
Event: 56.439 Thread 0x000001ea7f9b0010 Thread added: 0x000001ea4b5dd8d0
Event: 68.466 Thread 0x000001ea7f9b0010 Thread added: 0x000001ea4b5dba70
Event: 75.851 Thread 0x000001ea7f9b0010 Thread added: 0x000001ea4b5db560
Event: 91.339 Thread 0x000001ea7f9b0010 Thread added: 0x000001ea4b5d7db0
Event: 91.367 Thread 0x000001ea4b5d7db0 Thread added: 0x000001ea4b5de2f0
Event: 91.367 Thread 0x000001ea4b5d7db0 Thread added: 0x000001ea4b5d6e80
Event: 91.367 Thread 0x000001ea4b5d7db0 Thread added: 0x000001ea4b5de800
Event: 91.367 Thread 0x000001ea4b5d7db0 Thread added: 0x000001ea4b5d9700
Event: 91.368 Thread 0x000001ea4b5d7db0 Thread added: 0x000001ea4b5d7390
Event: 91.368 Thread 0x000001ea4b5d7db0 Thread added: 0x000001ea4c158cf0
Event: 91.368 Thread 0x000001ea4b5d7db0 Thread added: 0x000001ea4c1578b0
Event: 91.446 Thread 0x000001ea4b5d6e80 Thread added: 0x000001ea4c15ab50


Dynamic libraries:
0x00007ff798490000 - 0x00007ff79849e000 	C:\Program Files\Eclipse Adoptium\jdk-17.0.20.101-hotspot\bin\java.exe
0x00007ffa78df0000 - 0x00007ffa78fe8000 	C:\Windows\SYSTEM32\ntdll.dll
0x00007ffa785b0000 - 0x00007ffa78672000 	C:\Windows\System32\KERNEL32.DLL
0x00007ffa76b10000 - 0x00007ffa76e06000 	C:\Windows\System32\KERNELBASE.dll
0x00007ffa76770000 - 0x00007ffa76870000 	C:\Windows\System32\ucrtbase.dll
0x00007ffa41dc0000 - 0x00007ffa41dde000 	C:\Program Files\Eclipse Adoptium\jdk-17.0.20.101-hotspot\bin\VCRUNTIME140.dll
0x00007ffa41120000 - 0x00007ffa41138000 	C:\Program Files\Eclipse Adoptium\jdk-17.0.20.101-hotspot\bin\jli.dll
0x00007ffa78680000 - 0x00007ffa78821000 	C:\Windows\System32\USER32.dll
0x00007ffa5e5a0000 - 0x00007ffa5e83b000 	C:\Windows\WinSxS\amd64_microsoft.windows.common-controls_6595b64144ccf1df_6.0.19041.6456_none_60b8a6cb71f64256\COMCTL32.dll
0x00007ffa76500000 - 0x00007ffa76522000 	C:\Windows\System32\win32u.dll
0x00007ffa77d70000 - 0x00007ffa77e0e000 	C:\Windows\System32\msvcrt.dll
0x00007ffa76f30000 - 0x00007ffa76f5b000 	C:\Windows\System32\GDI32.dll
0x00007ffa765d0000 - 0x00007ffa766e9000 	C:\Windows\System32\gdi32full.dll
0x00007ffa76530000 - 0x00007ffa765cd000 	C:\Windows\System32\msvcp_win.dll
0x00007ffa77eb0000 - 0x00007ffa77edf000 	C:\Windows\System32\IMM32.DLL
0x00007ffa41900000 - 0x00007ffa4190c000 	C:\Program Files\Eclipse Adoptium\jdk-17.0.20.101-hotspot\bin\vcruntime140_1.dll
0x00007ffa212e0000 - 0x00007ffa2136d000 	C:\Program Files\Eclipse Adoptium\jdk-17.0.20.101-hotspot\bin\msvcp140.dll
0x00007ff960350000 - 0x00007ff960fbc000 	C:\Program Files\Eclipse Adoptium\jdk-17.0.20.101-hotspot\bin\server\jvm.dll
0x00007ffa76e10000 - 0x00007ffa76ec1000 	C:\Windows\System32\ADVAPI32.dll
0x00007ffa78090000 - 0x00007ffa7812f000 	C:\Windows\System32\sechost.dll
0x00007ffa78490000 - 0x00007ffa785b0000 	C:\Windows\System32\RPCRT4.dll
0x00007ffa766f0000 - 0x00007ffa76717000 	C:\Windows\System32\bcrypt.dll
0x00007ffa78d40000 - 0x00007ffa78dab000 	C:\Windows\System32\WS2_32.dll
0x00007ffa762e0000 - 0x00007ffa7632b000 	C:\Windows\SYSTEM32\POWRPROF.dll
0x00007ffa64660000 - 0x00007ffa64687000 	C:\Windows\SYSTEM32\WINMM.dll
0x00007ffa6e880000 - 0x00007ffa6e88a000 	C:\Windows\SYSTEM32\VERSION.dll
0x00007ffa762c0000 - 0x00007ffa762d2000 	C:\Windows\SYSTEM32\UMPDC.dll
0x00007ffa74ca0000 - 0x00007ffa74cb2000 	C:\Windows\SYSTEM32\kernel.appcore.dll
0x00007ffa418c0000 - 0x00007ffa418ca000 	C:\Program Files\Eclipse Adoptium\jdk-17.0.20.101-hotspot\bin\jimage.dll
0x00007ffa6f700000 - 0x00007ffa6f901000 	C:\Windows\SYSTEM32\DBGHELP.DLL
0x00007ffa6dcd0000 - 0x00007ffa6dd04000 	C:\Windows\SYSTEM32\dbgcore.DLL
0x00007ffa76a80000 - 0x00007ffa76b02000 	C:\Windows\System32\bcryptPrimitives.dll
0x00007ffa41430000 - 0x00007ffa4143e000 	C:\Program Files\Eclipse Adoptium\jdk-17.0.20.101-hotspot\bin\instrument.dll
0x00007ffa3d810000 - 0x00007ffa3d835000 	C:\Program Files\Eclipse Adoptium\jdk-17.0.20.101-hotspot\bin\java.dll
0x00007ffa21030000 - 0x00007ffa21107000 	C:\Program Files\Eclipse Adoptium\jdk-17.0.20.101-hotspot\bin\jsvml.dll
0x00007ffa770f0000 - 0x00007ffa77860000 	C:\Windows\System32\SHELL32.dll
0x00007ffa74490000 - 0x00007ffa74c35000 	C:\Windows\SYSTEM32\windows.storage.dll
0x00007ffa77860000 - 0x00007ffa77bb4000 	C:\Windows\System32\combase.dll
0x00007ffa75cf0000 - 0x00007ffa75d1b000 	C:\Windows\SYSTEM32\Wldp.dll
0x00007ffa781e0000 - 0x00007ffa782ad000 	C:\Windows\System32\OLEAUT32.dll
0x00007ffa76f60000 - 0x00007ffa7700d000 	C:\Windows\System32\SHCORE.dll
0x00007ffa76ed0000 - 0x00007ffa76f2b000 	C:\Windows\System32\shlwapi.dll
0x00007ffa763b0000 - 0x00007ffa763d4000 	C:\Windows\SYSTEM32\profapi.dll
0x00007ffa40d10000 - 0x00007ffa40d28000 	C:\Program Files\Eclipse Adoptium\jdk-17.0.20.101-hotspot\bin\zip.dll
0x00007ffa3f3a0000 - 0x00007ffa3f3ba000 	C:\Program Files\Eclipse Adoptium\jdk-17.0.20.101-hotspot\bin\net.dll
0x00007ffa6ddf0000 - 0x00007ffa6defa000 	C:\Windows\SYSTEM32\WINHTTP.dll
0x00007ffa75ad0000 - 0x00007ffa75b3a000 	C:\Windows\system32\mswsock.dll
0x00007ffa3d750000 - 0x00007ffa3d766000 	C:\Program Files\Eclipse Adoptium\jdk-17.0.20.101-hotspot\bin\nio.dll
0x00007ffa40c50000 - 0x00007ffa40c60000 	C:\Program Files\Eclipse Adoptium\jdk-17.0.20.101-hotspot\bin\verify.dll
0x00007ff9e7ab0000 - 0x00007ff9e7ad7000 	C:\Users\Administrator\.gradle\native\660c5614fbf4a5f2a75b1949f50a0caf5cd603558e7d8a26e50b933a0cfb79d1\windows-amd64\native-platform.dll
0x00007ff96d690000 - 0x00007ff96d707000 	C:\Users\Administrator\.gradle\native\0.2.8\x86_64-windows-gnu\gradle-fileevents.dll
0x00007ffa40b20000 - 0x00007ffa40b2a000 	C:\Program Files\Eclipse Adoptium\jdk-17.0.20.101-hotspot\bin\management.dll
0x00007ffa40240000 - 0x00007ffa4024c000 	C:\Program Files\Eclipse Adoptium\jdk-17.0.20.101-hotspot\bin\management_ext.dll
0x00007ffa788c0000 - 0x00007ffa788c8000 	C:\Windows\System32\PSAPI.DLL
0x00007ffa757d0000 - 0x00007ffa7580b000 	C:\Windows\SYSTEM32\IPHLPAPI.DLL
0x00007ffa77e30000 - 0x00007ffa77e38000 	C:\Windows\System32\NSI.dll
0x00007ffa6e860000 - 0x00007ffa6e877000 	C:\Windows\SYSTEM32\dhcpcsvc6.DLL
0x00007ffa6f5e0000 - 0x00007ffa6f5fd000 	C:\Windows\SYSTEM32\dhcpcsvc.DLL
0x00007ffa75810000 - 0x00007ffa758da000 	C:\Windows\SYSTEM32\DNSAPI.dll
0x00007ffa40090000 - 0x00007ffa40099000 	C:\Program Files\Eclipse Adoptium\jdk-17.0.20.101-hotspot\bin\extnet.dll
0x00007ffa75d30000 - 0x00007ffa75d48000 	C:\Windows\SYSTEM32\CRYPTSP.dll
0x00007ffa75410000 - 0x00007ffa75448000 	C:\Windows\system32\rsaenh.dll
0x00007ffa76330000 - 0x00007ffa7635e000 	C:\Windows\SYSTEM32\USERENV.dll
0x00007ffa75c60000 - 0x00007ffa75c6c000 	C:\Windows\SYSTEM32\CRYPTBASE.dll
0x00007ffa3fea0000 - 0x00007ffa3feae000 	C:\Program Files\Eclipse Adoptium\jdk-17.0.20.101-hotspot\bin\sunmscapi.dll
0x00007ffa76870000 - 0x00007ffa769cd000 	C:\Windows\System32\CRYPT32.dll
0x00007ffa75e40000 - 0x00007ffa75e67000 	C:\Windows\SYSTEM32\ncrypt.dll
0x00007ffa75e00000 - 0x00007ffa75e3b000 	C:\Windows\SYSTEM32\NTASN1.dll
0x00007ffa40000000 - 0x00007ffa40007000 	C:\Windows\system32\wshunix.dll

dbghelp: loaded successfully - version: 4.0.5 - missing functions: none
symbol engine: initialized successfully - sym options: 0x614 - pdb path: .;C:\Program Files\Eclipse Adoptium\jdk-17.0.20.101-hotspot\bin;C:\Windows\SYSTEM32;C:\Windows\WinSxS\amd64_microsoft.windows.common-controls_6595b64144ccf1df_6.0.19041.6456_none_60b8a6cb71f64256;C:\Program Files\Eclipse Adoptium\jdk-17.0.20.101-hotspot\bin\server;C:\Users\Administrator\.gradle\native\660c5614fbf4a5f2a75b1949f50a0caf5cd603558e7d8a26e50b933a0cfb79d1\windows-amd64;C:\Users\Administrator\.gradle\native\0.2.8\x86_64-windows-gnu

VM Arguments:
jvm_args: --add-opens=java.base/java.lang=ALL-UNNAMED --add-opens=java.base/java.lang.invoke=ALL-UNNAMED --add-opens=java.base/java.util=ALL-UNNAMED --add-opens=java.prefs/java.util.prefs=ALL-UNNAMED --add-exports=jdk.compiler/com.sun.tools.javac.api=ALL-UNNAMED --add-exports=jdk.compiler/com.sun.tools.javac.util=ALL-UNNAMED --add-opens=java.base/java.nio.charset=ALL-UNNAMED --add-opens=java.base/java.net=ALL-UNNAMED --add-opens=java.base/java.util.concurrent=ALL-UNNAMED --add-opens=java.base/java.util.concurrent.atomic=ALL-UNNAMED --add-opens=java.xml/javax.xml.namespace=ALL-UNNAMED --add-opens=java.base/java.time=ALL-UNNAMED -Xmx2048m -Dfile.encoding=UTF-8 -Duser.country=US -Duser.language=en -Duser.variant -javaagent:C:\Users\Administrator\.gradle\wrapper\dists\gradle-9.6.0-bin\42k10rwplmzkhuboz9kdazi7s\gradle-9.6.0\lib\agents\gradle-instrumentation-agent-9.6.0.jar 
java_command: org.gradle.launcher.daemon.bootstrap.GradleDaemon 9.6.0
java_class_path (initial): C:\Users\Administrator\.gradle\wrapper\dists\gradle-9.6.0-bin\42k10rwplmzkhuboz9kdazi7s\gradle-9.6.0\lib\gradle-daemon-main-9.6.0.jar
Launcher Type: SUN_STANDARD

[Global flags]
     intx CICompilerCount                          = 4                                         {product} {ergonomic}
     uint ConcGCThreads                            = 2                                         {product} {ergonomic}
     uint G1ConcRefinementThreads                  = 8                                         {product} {ergonomic}
   size_t G1HeapRegionSize                         = 1048576                                   {product} {ergonomic}
    uintx GCDrainStackTargetSize                   = 64                                        {product} {ergonomic}
   size_t InitialHeapSize                          = 134217728                                 {product} {ergonomic}
   size_t MarkStackSize                            = 4194304                                   {product} {ergonomic}
   size_t MaxHeapSize                              = 2147483648                                {product} {command line}
   size_t MaxNewSize                               = 1287651328                                {product} {ergonomic}
   size_t MinHeapDeltaBytes                        = 1048576                                   {product} {ergonomic}
   size_t MinHeapSize                              = 8388608                                   {product} {ergonomic}
    uintx NonNMethodCodeHeapSize                   = 5839372                                {pd product} {ergonomic}
    uintx NonProfiledCodeHeapSize                  = 122909434                              {pd product} {ergonomic}
    uintx ProfiledCodeHeapSize                     = 122909434                              {pd product} {ergonomic}
    uintx ReservedCodeCacheSize                    = 251658240                              {pd product} {ergonomic}
     bool SegmentedCodeCache                       = true                                      {product} {ergonomic}
   size_t SoftMaxHeapSize                          = 2147483648                             {manageable} {ergonomic}
     bool UseCompressedClassPointers               = true                           {product lp64_product} {ergonomic}
     bool UseCompressedOops                        = true                           {product lp64_product} {ergonomic}
     bool UseG1GC                                  = true                                      {product} {ergonomic}
     bool UseLargePagesIndividualAllocation        = false                                  {pd product} {ergonomic}

Logging:
Log output configuration:
 #0: stdout all=warning uptime,level,tags
 #1: stderr all=off uptime,level,tags

Environment Variables:
JAVA_HOME=C:\Program Files\Eclipse Adoptium\jdk-17.0.20.101-hotspot\
PATH=C:\laragon\bin\php\php-8.3.30-Win32-vs16-x64;C:\Python312\Scripts\;C:\Python312\;C:\Program Files\Microsoft MPI\Bin\;C:\Program Files\Common Files\Oracle\Java\javapath;C:\Program Files (x86)\Common Files\Oracle\Java\javapath;C:\Program Files\Microsoft\jdk-11.0.16.101-hotspot\bin;C:\Python311\Scripts\;C:\Python311\;C:\Python310\Scripts\;C:\Python310\;C:\Windows\system32;C:\Windows;C:\Windows\System32\Wbem;C:\Windows\System32\WindowsPowerShell\v1.0\;C:\Windows\System32\OpenSSH\;C:\Program Files\dotnet\;C:\Program Files\Microsoft SQL Server\Client SDK\ODBC\170\Tools\Binn\;C:\Program Files\Microsoft SQL Server\150\Tools\Binn\;C:\Program Files\Git\cmd;C:\Program Files (x86)\NVIDIA Corporation\PhysX\Common;C:\Program Files\SQL Anywhere 17\bin64;C:\Program Files\SQL Anywhere 17\bin32;C:\Program Files (x86)\Microsoft SQL Server\150\DTS\Binn\;C:\Program Files\Azure Data Studio\bin;C:\ProgramData\chocolatey\bin;C:\Program Files (x86)\Google\Cloud SDK\google-cloud-sdk\bin;C:\Program Files (x86)\NuGet\nuget.exe;C:\Program Files\Microsoft SQL Server Migration Assistant for MySQL\bin\;C:\Program Files (x86)\Microsoft SQL Server\160\Tools\Binn\;C:\Program Files\Microsoft SQL Server\160\Tools\Binn\;C:\Program Files\Microsoft SQL Server\160\DTS\Binn\;C:\Program Files (x86)\Microsoft SQL Server\160\DTS\Binn\;C:\Program Files (x86)\Windows Kits\10\Windows Performance Toolkit\;C:\Program Files (x86)\Windows Kits\10\Microsoft Application Virtualization\Sequencer\;C:\Program Files\Microsoft VS Code\bin;C:\Program Files\Tesseract-OCR;C:\Program Files\gs\gs10.01.2\bin;C:\ProgramData\miniconda3\Scripts;C:\ProgramData\miniconda3;C:\Program Files\Poppler\poppler-23.08.0\Library\bin;C:\Program Files\Git LFS;C:\Program Files\IBM\SPSS\Statistics\25\JRE\bin;C:\Program Files\Docker\Docker\resources\bin;C:\Program Files\PuTTY\;C:\Program Files\Nuget\;C:\Program Files\Amazon\AWSCLIV2\;D:\Program Files\Go\bin;C:\xampp\php;C:\ProgramData\ComposerSetup\bin;C:\Program Files\nodejs\;C:\xampp_lite_8_5\apps\php;C:\Program Files\MySQL\MySQL Shell 8.0\bin\;C:\Users\Administrator\AppData\Local\Microsoft\WindowsApps;C:\Users\Administrator\.dotnet\tools;C:\Users\Administrator\AppData\Local\Microsoft\WinGet\Packages\Genymobile.scrcpy_Microsoft.Winget.Source_8wekyb3d8bbwe\scrcpy-win64-v3.1;C:\Users\Administrator\go\bin;C:\Users\Administrator\AppData\Local\Programs\Antigravity\bin;C:\Users\Administrator\AppData\Roaming\Composer\vendor\bin;C:\Users\Administrator\AppData\Roaming\npm;C:\Users\Administrator\AppData\Local\Programs\Antigravity IDE\bin;C:\Program Files\qemu;C:\laragon\bin\php\php-8.3.30-Win32-vs16-x64;C:\Program Files\MySQL\MySQL Shell 8.0\bin\;C:\Users\Administrator\AppData\Local\Microsoft\WindowsApps;C:\Program Files\Tesseract-OCR;C:\ProgramData\miniconda3;C:\ProgramData\miniconda3\Scripts;C:\Users\Administrator\.dotnet\tools;C:\Program Files\Poppler\poppler-23.08.0\Library\bin;C:\Program Files\Nuget\;C:\Users\Administrator\AppData\Local\Microsoft\WinGet\Packages\Genymobile.scrcpy_Microsoft.Winget.Source_8wekyb3d8bbwe\scrcpy-win64-v3.1;C:\Users\Administrator\go\bin;C:\Users\Administrator\AppData\Local\Programs\Antigravity\bin;C:\Users\Administrator\AppData\Roaming\Composer\vendor\bin;C:\Users\Administrator\AppData\Roaming\npm;C:\Users\Administrator\AppData\Local\Programs\Antigravity IDE\bin;
USERNAME=Administrator
OS=Windows_NT
PROCESSOR_IDENTIFIER=Intel64 Family 6 Model 142 Stepping 10, GenuineIntel
TMP=C:\Users\ADMINI~1\AppData\Local\Temp
TEMP=C:\Users\ADMINI~1\AppData\Local\Temp



Periodic native trim disabled


---------------  S Y S T E M  ---------------

OS:
 Windows 10 , 64 bit Build 19041 (10.0.19041.5915)
OS uptime: 5 days 16:57 hours
Hyper-V role detected

CPU: total 8 (initial active 8) (4 cores per cpu, 2 threads per core) family 6 model 142 stepping 10 microcode 0xb4, cx8, cmov, fxsr, ht, mmx, 3dnowpref, sse, sse2, sse3, ssse3, sse4.1, sse4.2, popcnt, lzcnt, tsc, tscinvbit, avx, avx2, aes, erms, clmul, bmi1, bmi2, adx, fma, vzeroupper, clflush, clflushopt, hv
Processor Information for all 8 processors :
  Max Mhz: 1800, Current Mhz: 1600, Mhz Limit: 1584

Memory: 4k page, system-wide physical 8074M (83M free)
TotalPageFile size 26612M (AvailPageFile size 2M)
current process WorkingSet (physical memory assigned to process): 351M, peak: 356M
current process commit charge ("private bytes"): 446M, peak: 446M

vm_info: OpenJDK 64-Bit Server VM (17.0.20.1+1) for windows-amd64 JRE (17.0.20.1+1), built on Aug 18 2026 20:44:09 by "admin" with MS VC++ 17.12 (VS2022)

END.
