#
# There is insufficient memory for the Java Runtime Environment to continue.
# Native memory allocation (malloc) failed to allocate 1971856 bytes. Error detail: Chunk::new
# Possible reasons:
#   The system is out of physical RAM or swap space
#   This process is running with CompressedOops enabled, and the Java Heap may be blocking the growth of the native heap
# Possible solutions:
#   Reduce memory load on the system
#   Increase physical memory or swap space
#   Check if swap backing store is full
#   Decrease Java heap size (-Xmx/-Xms)
#   Decrease number of Java threads
#   Decrease Java thread stack sizes (-Xss)
#   Set larger code cache with -XX:ReservedCodeCacheSize=
#   JVM is running with Unscaled Compressed Oops mode in which the Java heap is
#     placed in the first 4GB address space. The Java Heap base address is the
#     maximum limit for the native heap growth. Please use -XX:HeapBaseMinAddress
#     to set the Java Heap base and to place the Java Heap above 4GB virtual address.
# This output file may be truncated or incomplete.
#
#  Out of Memory Error (arena.cpp:191), pid=23828, tid=21916
#
# JRE version: OpenJDK Runtime Environment Temurin-17.0.20.1+1 (17.0.20.1+1) (build 17.0.20.1+1)
# Java VM: OpenJDK 64-Bit Server VM Temurin-17.0.20.1+1 (17.0.20.1+1, mixed mode, sharing, tiered, compressed oops, compressed class ptrs, g1 gc, windows-amd64)
# No core dump will be written. Minidumps are not enabled by default on client versions of Windows
#

---------------  S U M M A R Y ------------

Command Line: --add-opens=java.base/java.lang=ALL-UNNAMED --add-opens=java.base/java.lang.invoke=ALL-UNNAMED --add-opens=java.base/java.util=ALL-UNNAMED --add-opens=java.prefs/java.util.prefs=ALL-UNNAMED --add-exports=jdk.compiler/com.sun.tools.javac.api=ALL-UNNAMED --add-exports=jdk.compiler/com.sun.tools.javac.util=ALL-UNNAMED --add-opens=java.base/java.nio.charset=ALL-UNNAMED --add-opens=java.base/java.net=ALL-UNNAMED --add-opens=java.base/java.util.concurrent=ALL-UNNAMED --add-opens=java.base/java.util.concurrent.atomic=ALL-UNNAMED --add-opens=java.xml/javax.xml.namespace=ALL-UNNAMED --add-opens=java.base/java.time=ALL-UNNAMED -Xmx2048m -Dfile.encoding=UTF-8 -Duser.country=US -Duser.language=en -Duser.variant -javaagent:C:\Users\Administrator\.gradle\wrapper\dists\gradle-9.6.0-bin\42k10rwplmzkhuboz9kdazi7s\gradle-9.6.0\lib\agents\gradle-instrumentation-agent-9.6.0.jar org.gradle.launcher.daemon.bootstrap.GradleDaemon 9.6.0

Host: Intel(R) Core(TM) i5-8250U CPU @ 1.60GHz, 8 cores, 7G,  Windows 10 , 64 bit Build 19041 (10.0.19041.5915)
Time: Tue Sep 22 21:06:34 2026 SE Asia Standard Time elapsed time: 93.084731 seconds (0d 0h 1m 33s)

---------------  T H R E A D  ---------------

Current thread (0x000001f07f958f00):  JavaThread "C2 CompilerThread0" daemon [_thread_in_native, id=21916, stack(0x000000ba13300000,0x000000ba13400000)]


Current CompileTask:
C2:93084 10676       4       org.gradle.internal.instantiation.generator.AbstractClassGenerator::inspectType (602 bytes)

Stack: [0x000000ba13300000,0x000000ba13400000]
Native frames: (J=compiled Java code, j=interpreted, Vv=VM code, C=native code)
V  [jvm.dll+0x684d39]
V  [jvm.dll+0x83a565]
V  [jvm.dll+0x83bfde]
V  [jvm.dll+0x83c663]
V  [jvm.dll+0x2490cf]
V  [jvm.dll+0xad536]
V  [jvm.dll+0xadbdc]
V  [jvm.dll+0x368d6f]
V  [jvm.dll+0x1bc539]
V  [jvm.dll+0x21a030]
V  [jvm.dll+0x21931f]
V  [jvm.dll+0x1a49e0]
V  [jvm.dll+0x229a6a]
V  [jvm.dll+0x227c1b]
V  [jvm.dll+0x7f0d18]
V  [jvm.dll+0x7eb17c]
V  [jvm.dll+0x683c07]
C  [ucrtbase.dll+0x21bb2]
C  [KERNEL32.DLL+0x17374]
C  [ntdll.dll+0x4cc91]


---------------  P R O C E S S  ---------------

Threads class SMR info:
_java_thread_list=0x000001f066bdaf10, length=61, elements={
0x000001f07bfa88f0, 0x000001f07f93ea90, 0x000001f07f93f560, 0x000001f07f951980,
0x000001f07f954360, 0x000001f07f956c40, 0x000001f07f957510, 0x000001f07f958f00,
0x000001f07f964110, 0x000001f07f964a20, 0x000001f01cc8fcc0, 0x000001f01cd4e460,
0x000001f0624b6030, 0x000001f0628b2a50, 0x000001f06313f5a0, 0x000001f01cceaa20,
0x000001f01ccec370, 0x000001f01ccec880, 0x000001f01ccecd90, 0x000001f01cceb950,
0x000001f01cced2a0, 0x000001f01ccebe60, 0x000001f01ccee1d0, 0x000001f01cced7b0,
0x000001f01cceaf30, 0x000001f06531d520, 0x000001f06531b1b0, 0x000001f06531b6c0,
0x000001f06531bbd0, 0x000001f06531c0e0, 0x000001f06531c5f0, 0x000001f06531cb00,
0x000001f0653174f0, 0x000001f06531df40, 0x000001f065318420, 0x000001f065319860,
0x000001f065317a00, 0x000001f06531d010, 0x000001f06531da30, 0x000001f065316ad0,
0x000001f065317f10, 0x000001f065319d70, 0x000001f065319350, 0x000001f06531a280,
0x000001f06531e450, 0x000001f065318930, 0x000001f065318e40, 0x000001f06531a790,
0x000001f06531aca0, 0x000001f0660f1000, 0x000001f0660f1a20, 0x000001f0660f1510,
0x000001f0660f42a0, 0x000001f0660f2440, 0x000001f0660f56e0, 0x000001f0660f00d0,
0x000001f0660f5bf0, 0x000001f0660f2e60, 0x000001f0660f6100, 0x000001f0660f6610,
0x000001f0660f6b20
}

Java Threads: ( => current thread )
  0x000001f07bfa88f0 JavaThread "main" [_thread_blocked, id=25628, stack(0x000000ba12600000,0x000000ba12700000)]
  0x000001f07f93ea90 JavaThread "Reference Handler" daemon [_thread_blocked, id=26712, stack(0x000000ba12d00000,0x000000ba12e00000)]
  0x000001f07f93f560 JavaThread "Finalizer" daemon [_thread_blocked, id=20596, stack(0x000000ba12e00000,0x000000ba12f00000)]
  0x000001f07f951980 JavaThread "Signal Dispatcher" daemon [_thread_blocked, id=24240, stack(0x000000ba12f00000,0x000000ba13000000)]
  0x000001f07f954360 JavaThread "Attach Listener" daemon [_thread_blocked, id=19560, stack(0x000000ba13000000,0x000000ba13100000)]
  0x000001f07f956c40 JavaThread "Service Thread" daemon [_thread_blocked, id=18340, stack(0x000000ba13100000,0x000000ba13200000)]
  0x000001f07f957510 JavaThread "Monitor Deflation Thread" daemon [_thread_blocked, id=20260, stack(0x000000ba13200000,0x000000ba13300000)]
=>0x000001f07f958f00 JavaThread "C2 CompilerThread0" daemon [_thread_in_native, id=21916, stack(0x000000ba13300000,0x000000ba13400000)]
  0x000001f07f964110 JavaThread "C1 CompilerThread0" daemon [_thread_blocked, id=26476, stack(0x000000ba13400000,0x000000ba13500000)]
  0x000001f07f964a20 JavaThread "Sweeper thread" daemon [_thread_blocked, id=7276, stack(0x000000ba13500000,0x000000ba13600000)]
  0x000001f01cc8fcc0 JavaThread "Common-Cleaner" daemon [_thread_blocked, id=5704, stack(0x000000ba13600000,0x000000ba13700000)]
  0x000001f01cd4e460 JavaThread "Notification Thread" daemon [_thread_blocked, id=12972, stack(0x000000ba13700000,0x000000ba13800000)]
  0x000001f0624b6030 JavaThread "Daemon health stats" [_thread_blocked, id=396, stack(0x000000ba13d00000,0x000000ba13e00000)]
  0x000001f0628b2a50 JavaThread "Incoming local TCP Connector on port 62221" [_thread_in_native, id=15052, stack(0x000000ba13e00000,0x000000ba13f00000)]
  0x000001f06313f5a0 JavaThread "Daemon periodic checks" [_thread_blocked, id=26908, stack(0x000000ba13f00000,0x000000ba14000000)]
  0x000001f01cceaa20 JavaThread "Daemon" [_thread_blocked, id=8016, stack(0x000000ba14000000,0x000000ba14100000)]
  0x000001f01ccec370 JavaThread "Handler for socket connection from /127.0.0.1:62221 to /127.0.0.1:62222" [_thread_in_native, id=6788, stack(0x000000ba14100000,0x000000ba14200000)]
  0x000001f01ccec880 JavaThread "Cancel handler" [_thread_blocked, id=23836, stack(0x000000ba14200000,0x000000ba14300000)]
  0x000001f01ccecd90 JavaThread "Daemon worker" [_thread_in_vm, id=16388, stack(0x000000ba14300000,0x000000ba14400000)]
  0x000001f01cceb950 JavaThread "Asynchronous log dispatcher for DefaultDaemonConnection: socket connection from /127.0.0.1:62221 to /127.0.0.1:62222" [_thread_blocked, id=23808, stack(0x000000ba14400000,0x000000ba14500000)]
  0x000001f01cced2a0 JavaThread "Stdin handler" [_thread_blocked, id=22328, stack(0x000000ba14500000,0x000000ba14600000)]
  0x000001f01ccebe60 JavaThread "Daemon client event forwarder" [_thread_blocked, id=26072, stack(0x000000ba14600000,0x000000ba14700000)]
  0x000001f01ccee1d0 JavaThread "Cache worker for journal cache (C:\Users\Administrator\.gradle\caches\journal-1)" [_thread_blocked, id=9632, stack(0x000000ba14a00000,0x000000ba14b00000)]
  0x000001f01cced7b0 JavaThread "File lock request listener" [_thread_in_native, id=17460, stack(0x000000ba14b00000,0x000000ba14c00000)]
  0x000001f01cceaf30 JavaThread "Cache worker for file hash cache (C:\Users\Administrator\.gradle\caches\9.6.0\fileHashes)" [_thread_blocked, id=13932, stack(0x000000ba14c00000,0x000000ba14d00000)]
  0x000001f06531d520 JavaThread "Cache worker for file hash cache (D:\PraktikumMobileJualan\.gradle\9.6.0\fileHashes)" [_thread_blocked, id=16372, stack(0x000000ba14f00000,0x000000ba15000000)]
  0x000001f06531b1b0 JavaThread "Cache worker for Build Output Cleanup Cache (D:\PraktikumMobileJualan\.gradle\buildOutputCleanup)" [_thread_blocked, id=24936, stack(0x000000ba15000000,0x000000ba15100000)]
  0x000001f06531b6c0 JavaThread "File watcher server" daemon [_thread_in_native, id=23088, stack(0x000000ba15100000,0x000000ba15200000)]
  0x000001f06531bbd0 JavaThread "File watcher consumer" daemon [_thread_blocked, id=24420, stack(0x000000ba15200000,0x000000ba15300000)]
  0x000001f06531c0e0 JavaThread "jar transforms" [_thread_blocked, id=24344, stack(0x000000ba15300000,0x000000ba15400000)]
  0x000001f06531c5f0 JavaThread "jar transforms Thread 2" [_thread_blocked, id=25116, stack(0x000000ba15400000,0x000000ba15500000)]
  0x000001f06531cb00 JavaThread "jar transforms Thread 3" [_thread_blocked, id=27068, stack(0x000000ba15500000,0x000000ba15600000)]
  0x000001f0653174f0 JavaThread "Cache worker for file content cache (C:\Users\Administrator\.gradle\caches\9.6.0\fileContent)" [_thread_blocked, id=21332, stack(0x000000ba15600000,0x000000ba15700000)]
  0x000001f06531df40 JavaThread "Cache worker for checksums cache (D:\PraktikumMobileJualan\.gradle\9.6.0\checksums)" [_thread_blocked, id=25916, stack(0x000000ba15700000,0x000000ba15800000)]
  0x000001f065318420 JavaThread "Cache worker for cache directory md-supplier (C:\Users\Administrator\.gradle\caches\9.6.0\md-supplier)" [_thread_blocked, id=19164, stack(0x000000ba15800000,0x000000ba15900000)]
  0x000001f065319860 JavaThread "Cache worker for cache directory md-rule (C:\Users\Administrator\.gradle\caches\9.6.0\md-rule)" [_thread_blocked, id=24084, stack(0x000000ba15900000,0x000000ba15a00000)]
  0x000001f065317a00 JavaThread "jar transforms Thread 4" [_thread_blocked, id=1452, stack(0x000000ba15a00000,0x000000ba15b00000)]
  0x000001f06531d010 JavaThread "jar transforms Thread 5" [_thread_blocked, id=7332, stack(0x000000ba15b00000,0x000000ba15c00000)]
  0x000001f06531da30 JavaThread "jar transforms Thread 6" [_thread_blocked, id=8636, stack(0x000000ba15c00000,0x000000ba15d00000)]
  0x000001f065316ad0 JavaThread "jar transforms Thread 7" [_thread_blocked, id=21420, stack(0x000000ba15d00000,0x000000ba15e00000)]
  0x000001f065317f10 JavaThread "File lock release action executor Thread 2" [_thread_blocked, id=468, stack(0x000000ba15e00000,0x000000ba15f00000)]
  0x000001f065319d70 JavaThread "jar transforms Thread 8" [_thread_blocked, id=23712, stack(0x000000ba15f00000,0x000000ba16000000)]
  0x000001f065319350 JavaThread "Build operations" [_thread_blocked, id=24416, stack(0x000000ba16200000,0x000000ba16300000)]
  0x000001f06531a280 JavaThread "Build operations Thread 2" [_thread_blocked, id=26948, stack(0x000000ba16300000,0x000000ba16400000)]
  0x000001f06531e450 JavaThread "Build operations Thread 3" [_thread_blocked, id=22448, stack(0x000000ba16400000,0x000000ba16500000)]
  0x000001f065318930 JavaThread "Build operations Thread 4" [_thread_blocked, id=20428, stack(0x000000ba16500000,0x000000ba16600000)]
  0x000001f065318e40 JavaThread "Build operations Thread 5" [_thread_blocked, id=23528, stack(0x000000ba16600000,0x000000ba16700000)]
  0x000001f06531a790 JavaThread "Build operations Thread 6" [_thread_blocked, id=6420, stack(0x000000ba16700000,0x000000ba16800000)]
  0x000001f06531aca0 JavaThread "Build operations Thread 7" [_thread_blocked, id=9612, stack(0x000000ba16800000,0x000000ba16900000)]
  0x000001f0660f1000 JavaThread "Build operations Thread 8" [_thread_blocked, id=24460, stack(0x000000ba16900000,0x000000ba16a00000)]
  0x000001f0660f1a20 JavaThread "Memory manager" [_thread_blocked, id=24052, stack(0x000000ba12300000,0x000000ba12400000)]
  0x000001f0660f1510 JavaThread "build event listener" [_thread_blocked, id=13508, stack(0x000000ba12400000,0x000000ba12500000)]
  0x000001f0660f42a0 JavaThread "included builds" [_thread_blocked, id=9596, stack(0x000000ba12500000,0x000000ba12600000)]
  0x000001f0660f2440 JavaThread "Execution worker" [_thread_blocked, id=23476, stack(0x000000ba14d00000,0x000000ba14e00000)]
  0x000001f0660f56e0 JavaThread "Execution worker Thread 2" [_thread_blocked, id=9976, stack(0x000000ba16a00000,0x000000ba16b00000)]
  0x000001f0660f00d0 JavaThread "Execution worker Thread 3" [_thread_blocked, id=26200, stack(0x000000ba16b00000,0x000000ba16c00000)]
  0x000001f0660f5bf0 JavaThread "Execution worker Thread 4" [_thread_blocked, id=5012, stack(0x000000ba16c00000,0x000000ba16d00000)]
  0x000001f0660f2e60 JavaThread "Execution worker Thread 5" [_thread_blocked, id=11100, stack(0x000000ba16d00000,0x000000ba16e00000)]
  0x000001f0660f6100 JavaThread "Execution worker Thread 6" [_thread_blocked, id=11016, stack(0x000000ba16e00000,0x000000ba16f00000)]
  0x000001f0660f6610 JavaThread "Execution worker Thread 7" [_thread_blocked, id=10488, stack(0x000000ba16f00000,0x000000ba17000000)]
  0x000001f0660f6b20 JavaThread "Cache worker for execution history cache (D:\PraktikumMobileJualan\.gradle\9.6.0\executionHistory)" [_thread_blocked, id=27272, stack(0x000000ba17000000,0x000000ba17100000)]

Other Threads:
  0x000001f07f939640 VMThread "VM Thread" [stack: 0x000000ba12c00000,0x000000ba12d00000] [id=26024]
  0x000001f01cd4e940 WatcherThread [stack: 0x000000ba13800000,0x000000ba13900000] [id=23240]
  0x000001f07c003230 GCTaskThread "GC Thread#0" [stack: 0x000000ba12700000,0x000000ba12800000] [id=10212]
  0x000001f06264be10 GCTaskThread "GC Thread#1" [stack: 0x000000ba13900000,0x000000ba13a00000] [id=22084]
  0x000001f062462b30 GCTaskThread "GC Thread#2" [stack: 0x000000ba13a00000,0x000000ba13b00000] [id=8244]
  0x000001f0627eb4a0 GCTaskThread "GC Thread#3" [stack: 0x000000ba13b00000,0x000000ba13c00000] [id=23624]
  0x000001f062b9f510 GCTaskThread "GC Thread#4" [stack: 0x000000ba13c00000,0x000000ba13d00000] [id=27384]
  0x000001f0637a8c00 GCTaskThread "GC Thread#5" [stack: 0x000000ba14700000,0x000000ba14800000] [id=8100]
  0x000001f0628a9060 GCTaskThread "GC Thread#6" [stack: 0x000000ba14800000,0x000000ba14900000] [id=24564]
  0x000001f01cc28470 GCTaskThread "GC Thread#7" [stack: 0x000000ba14900000,0x000000ba14a00000] [id=20948]
  0x000001f07c013f30 ConcurrentGCThread "G1 Main Marker" [stack: 0x000000ba12800000,0x000000ba12900000] [id=1360]
  0x000001f07c014700 ConcurrentGCThread "G1 Conc#0" [stack: 0x000000ba12900000,0x000000ba12a00000] [id=18412]
  0x000001f065775670 ConcurrentGCThread "G1 Conc#1" [stack: 0x000000ba14e00000,0x000000ba14f00000] [id=23860]
  0x000001f07c05d140 ConcurrentGCThread "G1 Refine#0" [stack: 0x000000ba12a00000,0x000000ba12b00000] [id=25928]
  0x000001f07c05d920 ConcurrentGCThread "G1 Service" [stack: 0x000000ba12b00000,0x000000ba12c00000] [id=19756]

Threads with active compile tasks:
C2 CompilerThread0  93138 10676       4       org.gradle.internal.instantiation.generator.AbstractClassGenerator::inspectType (602 bytes)

VM state: not at safepoint (normal execution)

VM Mutex/Monitor currently owned by a thread: None

Heap address: 0x0000000080000000, size: 2048 MB, Compressed Oops mode: 32-bit

CDS archive(s) mapped at: [0x000001f01d000000-0x000001f01dbb0000-0x000001f01dbb0000), size 12255232, SharedBaseAddress: 0x000001f01d000000, ArchiveRelocationMode: 1.
Compressed class space mapped at: 0x000001f01e000000-0x000001f05e000000, reserved size: 1073741824
Narrow klass base: 0x000001f01d000000, Narrow klass shift: 0, Narrow klass range: 0x100000000

GC Precious Log:
 CPUs: 8 total, 8 available
 Memory: 8074M
 Large Page Support: Disabled
 NUMA Support: Disabled
 Compressed Oops: Enabled (32-bit)
 Heap Region Size: 1M
 Heap Min Capacity: 8M
 Heap Initial Capacity: 128M
 Heap Max Capacity: 2G
 Pre-touch: Disabled
 Parallel Workers: 8
 Concurrent Workers: 2
 Concurrent Refinement Workers: 8
 Periodic GC: Disabled

Heap:
 garbage-first heap   total 150528K, used 95647K [0x0000000080000000, 0x0000000100000000)
  region size 1024K, 13 young (13312K), 4 survivors (4096K)
 Metaspace       used 86520K, committed 87552K, reserved 1179648K
  class space    used 12171K, committed 12672K, reserved 1048576K

Heap Regions: E=young(eden), S=young(survivor), O=old, HS=humongous(starts), HC=humongous(continues), CS=collection set, F=free, OA=open archive, CA=closed archive, TAMS=top-at-mark-start (previous, next)
|   0|0x0000000080000000, 0x0000000080100000, 0x0000000080100000|100%|HS|  |TAMS 0x0000000080100000, 0x0000000080000000| Complete 
|   1|0x0000000080100000, 0x0000000080200000, 0x0000000080200000|100%|HC|  |TAMS 0x0000000080200000, 0x0000000080100000| Complete 
|   2|0x0000000080200000, 0x0000000080300000, 0x0000000080300000|100%|HC|  |TAMS 0x0000000080300000, 0x0000000080200000| Complete 
|   3|0x0000000080300000, 0x0000000080400000, 0x0000000080400000|100%|HC|  |TAMS 0x0000000080400000, 0x0000000080300000| Complete 
|   4|0x0000000080400000, 0x0000000080500000, 0x0000000080500000|100%| O|  |TAMS 0x0000000080500000, 0x0000000080400000| Untracked 
|   5|0x0000000080500000, 0x0000000080600000, 0x0000000080600000|100%| O|  |TAMS 0x0000000080600000, 0x0000000080500000| Untracked 
|   6|0x0000000080600000, 0x0000000080700000, 0x0000000080700000|100%| O|  |TAMS 0x0000000080700000, 0x0000000080600000| Untracked 
|   7|0x0000000080700000, 0x0000000080800000, 0x0000000080800000|100%| O|  |TAMS 0x0000000080800000, 0x0000000080700000| Untracked 
|   8|0x0000000080800000, 0x0000000080900000, 0x0000000080900000|100%| O|  |TAMS 0x0000000080900000, 0x0000000080800000| Untracked 
|   9|0x0000000080900000, 0x0000000080a00000, 0x0000000080a00000|100%| O|  |TAMS 0x0000000080a00000, 0x0000000080900000| Untracked 
|  10|0x0000000080a00000, 0x0000000080b00000, 0x0000000080b00000|100%| O|  |TAMS 0x0000000080b00000, 0x0000000080a00000| Untracked 
|  11|0x0000000080b00000, 0x0000000080c00000, 0x0000000080c00000|100%|HS|  |TAMS 0x0000000080c00000, 0x0000000080b00000| Complete 
|  12|0x0000000080c00000, 0x0000000080d00000, 0x0000000080d00000|100%| O|  |TAMS 0x0000000080d00000, 0x0000000080c00000| Untracked 
|  13|0x0000000080d00000, 0x0000000080e00000, 0x0000000080e00000|100%| O|  |TAMS 0x0000000080e00000, 0x0000000080d00000| Untracked 
|  14|0x0000000080e00000, 0x0000000080f00000, 0x0000000080f00000|100%| O|  |TAMS 0x0000000080f00000, 0x0000000080e00000| Untracked 
|  15|0x0000000080f00000, 0x0000000081000000, 0x0000000081000000|100%| O|  |TAMS 0x0000000081000000, 0x0000000080f00000| Untracked 
|  16|0x0000000081000000, 0x0000000081100000, 0x0000000081100000|100%| O|  |TAMS 0x0000000081100000, 0x0000000081000000| Untracked 
|  17|0x0000000081100000, 0x0000000081200000, 0x0000000081200000|100%| O|  |TAMS 0x0000000081200000, 0x0000000081100000| Untracked 
|  18|0x0000000081200000, 0x0000000081300000, 0x0000000081300000|100%| O|  |TAMS 0x0000000081300000, 0x0000000081200000| Untracked 
|  19|0x0000000081300000, 0x0000000081400000, 0x0000000081400000|100%| O|  |TAMS 0x0000000081400000, 0x0000000081300000| Untracked 
|  20|0x0000000081400000, 0x000000008146ee00, 0x0000000081500000| 43%| O|  |TAMS 0x000000008146ee00, 0x0000000081400000| Untracked 
|  21|0x0000000081500000, 0x0000000081600000, 0x0000000081600000|100%| O|  |TAMS 0x0000000081600000, 0x0000000081500000| Untracked 
|  22|0x0000000081600000, 0x0000000081700000, 0x0000000081700000|100%| O|  |TAMS 0x0000000081700000, 0x0000000081600000| Untracked 
|  23|0x0000000081700000, 0x0000000081800000, 0x0000000081800000|100%| O|  |TAMS 0x0000000081800000, 0x0000000081700000| Untracked 
|  24|0x0000000081800000, 0x0000000081900000, 0x0000000081900000|100%| O|  |TAMS 0x0000000081900000, 0x0000000081800000| Untracked 
|  25|0x0000000081900000, 0x0000000081a00000, 0x0000000081a00000|100%| O|  |TAMS 0x0000000081a00000, 0x0000000081900000| Untracked 
|  26|0x0000000081a00000, 0x0000000081b00000, 0x0000000081b00000|100%| O|  |TAMS 0x0000000081b00000, 0x0000000081a00000| Untracked 
|  27|0x0000000081b00000, 0x0000000081c00000, 0x0000000081c00000|100%| O|  |TAMS 0x0000000081c00000, 0x0000000081b00000| Untracked 
|  28|0x0000000081c00000, 0x0000000081d00000, 0x0000000081d00000|100%| O|  |TAMS 0x0000000081d00000, 0x0000000081c00000| Untracked 
|  29|0x0000000081d00000, 0x0000000081e00000, 0x0000000081e00000|100%| O|  |TAMS 0x0000000081e00000, 0x0000000081d00000| Untracked 
|  30|0x0000000081e00000, 0x0000000081f00000, 0x0000000081f00000|100%| O|  |TAMS 0x0000000081f00000, 0x0000000081e00000| Untracked 
|  31|0x0000000081f00000, 0x0000000082000000, 0x0000000082000000|100%| O|  |TAMS 0x0000000082000000, 0x0000000081f00000| Untracked 
|  32|0x0000000082000000, 0x0000000082100000, 0x0000000082100000|100%| O|  |TAMS 0x0000000082100000, 0x0000000082000000| Untracked 
|  33|0x0000000082100000, 0x0000000082200000, 0x0000000082200000|100%| O|  |TAMS 0x0000000082200000, 0x0000000082100000| Untracked 
|  34|0x0000000082200000, 0x0000000082300000, 0x0000000082300000|100%| O|  |TAMS 0x0000000082300000, 0x0000000082200000| Untracked 
|  35|0x0000000082300000, 0x0000000082400000, 0x0000000082400000|100%| O|  |TAMS 0x0000000082400000, 0x0000000082300000| Untracked 
|  36|0x0000000082400000, 0x0000000082500000, 0x0000000082500000|100%| O|  |TAMS 0x0000000082500000, 0x0000000082400000| Untracked 
|  37|0x0000000082500000, 0x0000000082600000, 0x0000000082600000|100%| O|  |TAMS 0x0000000082600000, 0x0000000082500000| Untracked 
|  38|0x0000000082600000, 0x0000000082700000, 0x0000000082700000|100%| O|  |TAMS 0x0000000082700000, 0x0000000082600000| Untracked 
|  39|0x0000000082700000, 0x0000000082800000, 0x0000000082800000|100%| O|  |TAMS 0x0000000082800000, 0x0000000082700000| Untracked 
|  40|0x0000000082800000, 0x0000000082900000, 0x0000000082900000|100%| O|  |TAMS 0x0000000082900000, 0x0000000082800000| Untracked 
|  41|0x0000000082900000, 0x0000000082a00000, 0x0000000082a00000|100%| O|  |TAMS 0x0000000082a00000, 0x0000000082900000| Untracked 
|  42|0x0000000082a00000, 0x0000000082b00000, 0x0000000082b00000|100%| O|  |TAMS 0x0000000082b00000, 0x0000000082a00000| Untracked 
|  43|0x0000000082b00000, 0x0000000082c00000, 0x0000000082c00000|100%| O|  |TAMS 0x0000000082c00000, 0x0000000082b00000| Untracked 
|  44|0x0000000082c00000, 0x0000000082d00000, 0x0000000082d00000|100%| O|  |TAMS 0x0000000082d00000, 0x0000000082c00000| Untracked 
|  45|0x0000000082d00000, 0x0000000082e00000, 0x0000000082e00000|100%| O|  |TAMS 0x0000000082e00000, 0x0000000082d00000| Untracked 
|  46|0x0000000082e00000, 0x0000000082e00000, 0x0000000082f00000|  0%| F|  |TAMS 0x0000000082e00000, 0x0000000082e00000| Untracked 
|  47|0x0000000082f00000, 0x0000000083000000, 0x0000000083000000|100%|HS|  |TAMS 0x0000000083000000, 0x0000000082f00000| Complete 
|  48|0x0000000083000000, 0x0000000083100000, 0x0000000083100000|100%|HS|  |TAMS 0x0000000083100000, 0x0000000083000000| Complete 
|  49|0x0000000083100000, 0x0000000083200000, 0x0000000083200000|100%|HS|  |TAMS 0x0000000083200000, 0x0000000083100000| Complete 
|  50|0x0000000083200000, 0x0000000083300000, 0x0000000083300000|100%| O|  |TAMS 0x0000000083300000, 0x0000000083200000| Untracked 
|  51|0x0000000083300000, 0x0000000083400000, 0x0000000083400000|100%| O|  |TAMS 0x0000000083400000, 0x0000000083300000| Untracked 
|  52|0x0000000083400000, 0x0000000083500000, 0x0000000083500000|100%|HS|  |TAMS 0x0000000083500000, 0x0000000083400000| Complete 
|  53|0x0000000083500000, 0x0000000083600000, 0x0000000083600000|100%|HC|  |TAMS 0x0000000083600000, 0x0000000083500000| Complete 
|  54|0x0000000083600000, 0x0000000083700000, 0x0000000083700000|100%|HS|  |TAMS 0x0000000083700000, 0x0000000083600000| Complete 
|  55|0x0000000083700000, 0x0000000083800000, 0x0000000083800000|100%|HS|  |TAMS 0x0000000083800000, 0x0000000083700000| Complete 
|  56|0x0000000083800000, 0x0000000083900000, 0x0000000083900000|100%|HS|  |TAMS 0x0000000083900000, 0x0000000083800000| Complete 
|  57|0x0000000083900000, 0x0000000083a00000, 0x0000000083a00000|100%| O|  |TAMS 0x0000000083a00000, 0x0000000083900000| Untracked 
|  58|0x0000000083a00000, 0x0000000083b00000, 0x0000000083b00000|100%| O|  |TAMS 0x0000000083b00000, 0x0000000083a00000| Untracked 
|  59|0x0000000083b00000, 0x0000000083c00000, 0x0000000083c00000|100%|HS|  |TAMS 0x0000000083c00000, 0x0000000083b00000| Complete 
|  60|0x0000000083c00000, 0x0000000083d00000, 0x0000000083d00000|100%| O|  |TAMS 0x0000000083d00000, 0x0000000083c00000| Untracked 
|  61|0x0000000083d00000, 0x0000000083e00000, 0x0000000083e00000|100%| O|  |TAMS 0x0000000083e00000, 0x0000000083d00000| Untracked 
|  62|0x0000000083e00000, 0x0000000083f00000, 0x0000000083f00000|100%| O|  |TAMS 0x0000000083f00000, 0x0000000083e00000| Untracked 
|  63|0x0000000083f00000, 0x0000000084000000, 0x0000000084000000|100%| O|  |TAMS 0x0000000084000000, 0x0000000083f00000| Untracked 
|  64|0x0000000084000000, 0x0000000084100000, 0x0000000084100000|100%|HS|  |TAMS 0x0000000084100000, 0x0000000084000000| Complete 
|  65|0x0000000084100000, 0x0000000084200000, 0x0000000084200000|100%|HC|  |TAMS 0x0000000084200000, 0x0000000084100000| Complete 
|  66|0x0000000084200000, 0x0000000084300000, 0x0000000084300000|100%|HS|  |TAMS 0x0000000084300000, 0x0000000084200000| Complete 
|  67|0x0000000084300000, 0x0000000084400000, 0x0000000084400000|100%| O|  |TAMS 0x0000000084400000, 0x0000000084300000| Untracked 
|  68|0x0000000084400000, 0x0000000084500000, 0x0000000084500000|100%| O|  |TAMS 0x0000000084500000, 0x0000000084400000| Untracked 
|  69|0x0000000084500000, 0x0000000084600000, 0x0000000084600000|100%| O|  |TAMS 0x0000000084600000, 0x0000000084500000| Untracked 
|  70|0x0000000084600000, 0x0000000084700000, 0x0000000084700000|100%|HS|  |TAMS 0x0000000084700000, 0x0000000084600000| Complete 
|  71|0x0000000084700000, 0x0000000084800000, 0x0000000084800000|100%| O|  |TAMS 0x0000000084800000, 0x0000000084700000| Untracked 
|  72|0x0000000084800000, 0x0000000084900000, 0x0000000084900000|100%| O|  |TAMS 0x0000000084900000, 0x0000000084800000| Untracked 
|  73|0x0000000084900000, 0x0000000084a00000, 0x0000000084a00000|100%| O|  |TAMS 0x0000000084a00000, 0x0000000084900000| Untracked 
|  74|0x0000000084a00000, 0x0000000084b00000, 0x0000000084b00000|100%| O|  |TAMS 0x0000000084b00000, 0x0000000084a00000| Untracked 
|  75|0x0000000084b00000, 0x0000000084c00000, 0x0000000084c00000|100%| O|  |TAMS 0x0000000084c00000, 0x0000000084b00000| Untracked 
|  76|0x0000000084c00000, 0x0000000084d00000, 0x0000000084d00000|100%| O|  |TAMS 0x0000000084d00000, 0x0000000084c00000| Untracked 
|  77|0x0000000084d00000, 0x0000000084e00000, 0x0000000084e00000|100%| O|  |TAMS 0x0000000084e00000, 0x0000000084d00000| Untracked 
|  78|0x0000000084e00000, 0x0000000084f00000, 0x0000000084f00000|100%| O|  |TAMS 0x0000000084f00000, 0x0000000084e00000| Untracked 
|  79|0x0000000084f00000, 0x0000000085000000, 0x0000000085000000|100%| O|  |TAMS 0x0000000085000000, 0x0000000084f00000| Untracked 
|  80|0x0000000085000000, 0x0000000085100000, 0x0000000085100000|100%| O|  |TAMS 0x0000000085100000, 0x0000000085000000| Untracked 
|  81|0x0000000085100000, 0x0000000085200000, 0x0000000085200000|100%| O|  |TAMS 0x0000000085200000, 0x0000000085100000| Untracked 
|  82|0x0000000085200000, 0x0000000085300000, 0x0000000085300000|100%| O|  |TAMS 0x0000000085300000, 0x0000000085200000| Untracked 
|  83|0x0000000085300000, 0x0000000085318200, 0x0000000085400000|  9%| O|  |TAMS 0x0000000085318200, 0x0000000085300000| Untracked 
|  84|0x0000000085400000, 0x0000000085400000, 0x0000000085500000|  0%| F|  |TAMS 0x0000000085400000, 0x0000000085400000| Untracked 
|  85|0x0000000085500000, 0x0000000085500000, 0x0000000085600000|  0%| F|  |TAMS 0x0000000085500000, 0x0000000085500000| Untracked 
|  86|0x0000000085600000, 0x0000000085600000, 0x0000000085700000|  0%| F|  |TAMS 0x0000000085600000, 0x0000000085600000| Untracked 
|  87|0x0000000085700000, 0x0000000085700000, 0x0000000085800000|  0%| F|  |TAMS 0x0000000085700000, 0x0000000085700000| Untracked 
|  88|0x0000000085800000, 0x0000000085800000, 0x0000000085900000|  0%| F|  |TAMS 0x0000000085800000, 0x0000000085800000| Untracked 
|  89|0x0000000085900000, 0x0000000085900000, 0x0000000085a00000|  0%| F|  |TAMS 0x0000000085900000, 0x0000000085900000| Untracked 
|  90|0x0000000085a00000, 0x0000000085a00000, 0x0000000085b00000|  0%| F|  |TAMS 0x0000000085a00000, 0x0000000085a00000| Untracked 
|  91|0x0000000085b00000, 0x0000000085b00000, 0x0000000085c00000|  0%| F|  |TAMS 0x0000000085b00000, 0x0000000085b00000| Untracked 
|  92|0x0000000085c00000, 0x0000000085c00000, 0x0000000085d00000|  0%| F|  |TAMS 0x0000000085c00000, 0x0000000085c00000| Untracked 
|  93|0x0000000085d00000, 0x0000000085d00000, 0x0000000085e00000|  0%| F|  |TAMS 0x0000000085d00000, 0x0000000085d00000| Untracked 
|  94|0x0000000085e00000, 0x0000000085e00000, 0x0000000085f00000|  0%| F|  |TAMS 0x0000000085e00000, 0x0000000085e00000| Untracked 
|  95|0x0000000085f00000, 0x0000000085f00000, 0x0000000086000000|  0%| F|  |TAMS 0x0000000085f00000, 0x0000000085f00000| Untracked 
|  96|0x0000000086000000, 0x0000000086000000, 0x0000000086100000|  0%| F|  |TAMS 0x0000000086000000, 0x0000000086000000| Untracked 
|  97|0x0000000086100000, 0x0000000086100000, 0x0000000086200000|  0%| F|  |TAMS 0x0000000086100000, 0x0000000086100000| Untracked 
|  98|0x0000000086200000, 0x0000000086200000, 0x0000000086300000|  0%| F|  |TAMS 0x0000000086200000, 0x0000000086200000| Untracked 
|  99|0x0000000086300000, 0x0000000086300000, 0x0000000086400000|  0%| F|  |TAMS 0x0000000086300000, 0x0000000086300000| Untracked 
| 100|0x0000000086400000, 0x0000000086400000, 0x0000000086500000|  0%| F|  |TAMS 0x0000000086400000, 0x0000000086400000| Untracked 
| 101|0x0000000086500000, 0x0000000086500000, 0x0000000086600000|  0%| F|  |TAMS 0x0000000086500000, 0x0000000086500000| Untracked 
| 102|0x0000000086600000, 0x0000000086600000, 0x0000000086700000|  0%| F|  |TAMS 0x0000000086600000, 0x0000000086600000| Untracked 
| 103|0x0000000086700000, 0x0000000086700000, 0x0000000086800000|  0%| F|  |TAMS 0x0000000086700000, 0x0000000086700000| Untracked 
| 104|0x0000000086800000, 0x00000000868e0c90, 0x0000000086900000| 87%| S|CS|TAMS 0x0000000086800000, 0x0000000086800000| Complete 
| 105|0x0000000086900000, 0x0000000086a00000, 0x0000000086a00000|100%| S|CS|TAMS 0x0000000086900000, 0x0000000086900000| Complete 
| 106|0x0000000086a00000, 0x0000000086b00000, 0x0000000086b00000|100%| S|CS|TAMS 0x0000000086a00000, 0x0000000086a00000| Complete 
| 107|0x0000000086b00000, 0x0000000086b00000, 0x0000000086c00000|  0%| F|  |TAMS 0x0000000086b00000, 0x0000000086b00000| Untracked 
| 108|0x0000000086c00000, 0x0000000086c00000, 0x0000000086d00000|  0%| F|  |TAMS 0x0000000086c00000, 0x0000000086c00000| Untracked 
| 109|0x0000000086d00000, 0x0000000086e00000, 0x0000000086e00000|100%| S|CS|TAMS 0x0000000086d00000, 0x0000000086d00000| Complete 
| 110|0x0000000086e00000, 0x0000000086e00000, 0x0000000086f00000|  0%| F|  |TAMS 0x0000000086e00000, 0x0000000086e00000| Untracked 
| 111|0x0000000086f00000, 0x0000000086f00000, 0x0000000087000000|  0%| F|  |TAMS 0x0000000086f00000, 0x0000000086f00000| Untracked 
| 112|0x0000000087000000, 0x0000000087000000, 0x0000000087100000|  0%| F|  |TAMS 0x0000000087000000, 0x0000000087000000| Untracked 
| 113|0x0000000087100000, 0x0000000087100000, 0x0000000087200000|  0%| F|  |TAMS 0x0000000087100000, 0x0000000087100000| Untracked 
| 114|0x0000000087200000, 0x0000000087200000, 0x0000000087300000|  0%| F|  |TAMS 0x0000000087200000, 0x0000000087200000| Untracked 
| 115|0x0000000087300000, 0x0000000087300000, 0x0000000087400000|  0%| F|  |TAMS 0x0000000087300000, 0x0000000087300000| Untracked 
| 116|0x0000000087400000, 0x0000000087400000, 0x0000000087500000|  0%| F|  |TAMS 0x0000000087400000, 0x0000000087400000| Untracked 
| 117|0x0000000087500000, 0x0000000087500000, 0x0000000087600000|  0%| F|  |TAMS 0x0000000087500000, 0x0000000087500000| Untracked 
| 118|0x0000000087600000, 0x0000000087600000, 0x0000000087700000|  0%| F|  |TAMS 0x0000000087600000, 0x0000000087600000| Untracked 
| 119|0x0000000087700000, 0x0000000087700000, 0x0000000087800000|  0%| F|  |TAMS 0x0000000087700000, 0x0000000087700000| Untracked 
| 120|0x0000000087800000, 0x0000000087800000, 0x0000000087900000|  0%| F|  |TAMS 0x0000000087800000, 0x0000000087800000| Untracked 
| 121|0x0000000087900000, 0x0000000087900000, 0x0000000087a00000|  0%| F|  |TAMS 0x0000000087900000, 0x0000000087900000| Untracked 
| 122|0x0000000087a00000, 0x0000000087a00000, 0x0000000087b00000|  0%| F|  |TAMS 0x0000000087a00000, 0x0000000087a00000| Untracked 
| 123|0x0000000087b00000, 0x0000000087b00000, 0x0000000087c00000|  0%| F|  |TAMS 0x0000000087b00000, 0x0000000087b00000| Untracked 
| 124|0x0000000087c00000, 0x0000000087c00000, 0x0000000087d00000|  0%| F|  |TAMS 0x0000000087c00000, 0x0000000087c00000| Untracked 
| 125|0x0000000087d00000, 0x0000000087d00000, 0x0000000087e00000|  0%| F|  |TAMS 0x0000000087d00000, 0x0000000087d00000| Untracked 
| 126|0x0000000087e00000, 0x0000000087e00000, 0x0000000087f00000|  0%| F|  |TAMS 0x0000000087e00000, 0x0000000087e00000| Untracked 
| 127|0x0000000087f00000, 0x0000000087f00000, 0x0000000088000000|  0%| F|  |TAMS 0x0000000087f00000, 0x0000000087f00000| Untracked 
| 128|0x0000000088000000, 0x0000000088000000, 0x0000000088100000|  0%| F|  |TAMS 0x0000000088000000, 0x0000000088000000| Untracked 
| 129|0x0000000088100000, 0x0000000088100000, 0x0000000088200000|  0%| F|  |TAMS 0x0000000088100000, 0x0000000088100000| Untracked 
| 130|0x0000000088200000, 0x0000000088200000, 0x0000000088300000|  0%| F|  |TAMS 0x0000000088200000, 0x0000000088200000| Untracked 
| 131|0x0000000088300000, 0x0000000088300000, 0x0000000088400000|  0%| F|  |TAMS 0x0000000088300000, 0x0000000088300000| Untracked 
| 132|0x0000000088400000, 0x0000000088400000, 0x0000000088500000|  0%| F|  |TAMS 0x0000000088400000, 0x0000000088400000| Untracked 
| 133|0x0000000088500000, 0x0000000088500000, 0x0000000088600000|  0%| F|  |TAMS 0x0000000088500000, 0x0000000088500000| Untracked 
| 134|0x0000000088600000, 0x0000000088600000, 0x0000000088700000|  0%| F|  |TAMS 0x0000000088600000, 0x0000000088600000| Untracked 
| 135|0x0000000088700000, 0x0000000088700000, 0x0000000088800000|  0%| F|  |TAMS 0x0000000088700000, 0x0000000088700000| Untracked 
| 136|0x0000000088800000, 0x0000000088800000, 0x0000000088900000|  0%| F|  |TAMS 0x0000000088800000, 0x0000000088800000| Untracked 
| 137|0x0000000088900000, 0x0000000088900000, 0x0000000088a00000|  0%| F|  |TAMS 0x0000000088900000, 0x0000000088900000| Untracked 
| 138|0x0000000088a00000, 0x0000000088b00000, 0x0000000088b00000|100%| E|  |TAMS 0x0000000088a00000, 0x0000000088a00000| Complete 
| 139|0x0000000088b00000, 0x0000000088c00000, 0x0000000088c00000|100%| E|CS|TAMS 0x0000000088b00000, 0x0000000088b00000| Complete 
| 140|0x0000000088c00000, 0x0000000088d00000, 0x0000000088d00000|100%| E|CS|TAMS 0x0000000088c00000, 0x0000000088c00000| Complete 
| 141|0x0000000088d00000, 0x0000000088e00000, 0x0000000088e00000|100%| E|CS|TAMS 0x0000000088d00000, 0x0000000088d00000| Complete 
| 142|0x0000000088e00000, 0x0000000088f00000, 0x0000000088f00000|100%| E|CS|TAMS 0x0000000088e00000, 0x0000000088e00000| Complete 
| 143|0x0000000088f00000, 0x0000000089000000, 0x0000000089000000|100%| E|CS|TAMS 0x0000000088f00000, 0x0000000088f00000| Complete 
| 144|0x0000000089000000, 0x0000000089100000, 0x0000000089100000|100%| E|CS|TAMS 0x0000000089000000, 0x0000000089000000| Complete 
| 145|0x0000000089100000, 0x0000000089200000, 0x0000000089200000|100%| E|CS|TAMS 0x0000000089100000, 0x0000000089100000| Complete 
| 146|0x0000000089200000, 0x0000000089300000, 0x0000000089300000|100%| E|CS|TAMS 0x0000000089200000, 0x0000000089200000| Complete 

Card table byte_map: [0x000001f07e6a0000,0x000001f07eaa0000] _byte_map_base: 0x000001f07e2a0000

Marking Bits (Prev, Next): (CMBitMap*) 0x000001f07c003600, (CMBitMap*) 0x000001f07c003640
 Prev Bits: [0x000001f016ad0000, 0x000001f018ad0000)
 Next Bits: [0x000001f018ad0000, 0x000001f01aad0000)

Polling page: 0x000001f07c060000

Metaspace:

Usage:
  Non-class:     72.61 MB used.
      Class:     11.89 MB used.
       Both:     84.50 MB used.

Virtual space:
  Non-class space:      128.00 MB reserved,      73.12 MB ( 57%) committed,  2 nodes.
      Class space:        1.00 GB reserved,      12.38 MB (  1%) committed,  1 nodes.
             Both:        1.12 GB reserved,      85.50 MB (  7%) committed. 

Chunk freelists:
   Non-Class:  6.88 MB
       Class:  3.62 MB
        Both:  10.50 MB

MaxMetaspaceSize: unlimited
CompressedClassSpaceSize: 1.00 GB
Initial GC threshold: 21.00 MB
Current GC threshold: 136.56 MB
CDS: on
MetaspaceReclaimPolicy: balanced
 - commit_granule_bytes: 65536.
 - commit_granule_words: 8192.
 - virtual_space_node_default_size: 8388608.
 - enlarge_chunks_in_place: 1.
 - new_chunks_are_fully_committed: 0.
 - uncommit_free_chunks: 1.
 - use_allocation_guard: 0.
 - handle_deallocations: 1.


Internal statistics:

num_allocs_failed_limit: 6.
num_arena_births: 1740.
num_arena_deaths: 0.
num_vsnodes_births: 3.
num_vsnodes_deaths: 0.
num_space_committed: 1368.
num_space_uncommitted: 0.
num_chunks_returned_to_freelist: 6.
num_chunks_taken_from_freelist: 5659.
num_chunk_merges: 6.
num_chunk_splits: 3627.
num_chunks_enlarged: 2265.
num_inconsistent_stats: 0.

CodeHeap 'non-profiled nmethods': size=120000Kb used=5189Kb max_used=5961Kb free=114810Kb
 bounds [0x000001f00f5a0000, 0x000001f00fb80000, 0x000001f016ad0000]
CodeHeap 'profiled nmethods': size=120000Kb used=17562Kb max_used=19301Kb free=102437Kb
 bounds [0x000001f007ad0000, 0x000001f008db0000, 0x000001f00f000000]
CodeHeap 'non-nmethods': size=5760Kb used=1736Kb max_used=1811Kb free=4023Kb
 bounds [0x000001f00f000000, 0x000001f00f270000, 0x000001f00f5a0000]
 total_blobs=10055 nmethods=9222 adapters=745
 compilation: enabled
              stopped_count=0, restarted_count=0
 full_count=0

Compilation events (20 events):
Event: 92.957 Thread 0x000001f07f964110 10803       3       java.util.HashSet::add (20 bytes)
Event: 92.958 Thread 0x000001f07f964110 nmethod 10803 0x000001f007e10190 code [0x000001f007e10340, 0x000001f007e10588]
Event: 92.960 Thread 0x000001f07f964110 10804       3       org.gradle.internal.reflect.annotations.impl.DefaultTypeAnnotationMetadataStore$$Lambda$715/0x000001f01e5e3c00::test (12 bytes)
Event: 92.961 Thread 0x000001f07f964110 nmethod 10804 0x000001f007af2390 code [0x000001f007af2540, 0x000001f007af27e8]
Event: 92.992 Thread 0x000001f07f964110 10805   !   3       jdk.proxy1.$Proxy58::annotationType (29 bytes)
Event: 92.992 Thread 0x000001f07f964110 nmethod 10805 0x000001f007c4b890 code [0x000001f007c4ba60, 0x000001f007c4be58]
Event: 93.030 Thread 0x000001f07f964110 10807       3       com.google.common.collect.RegularImmutableSortedSet::iterator (8 bytes)
Event: 93.031 Thread 0x000001f07f964110 nmethod 10807 0x000001f007bfa190 code [0x000001f007bfa340, 0x000001f007bfa508]
Event: 93.032 Thread 0x000001f07f964110 10808       3       org.gradle.internal.reflect.annotations.impl.DefaultTypeAnnotationMetadataStore::lambda$inheritPropertyMethods$1 (67 bytes)
Event: 93.034 Thread 0x000001f07f964110 nmethod 10808 0x000001f00819ed10 code [0x000001f00819efe0, 0x000001f0081a01c8]
Event: 93.053 Thread 0x000001f07f964110 10810       1       com.google.common.collect.AbstractMapBasedMultimap::size (5 bytes)
Event: 93.053 Thread 0x000001f07f964110 nmethod 10810 0x000001f00f5dd310 code [0x000001f00f5dd4a0, 0x000001f00f5dd578]
Event: 93.066 Thread 0x000001f07f964110 10811       2       org.gradle.internal.reflect.annotations.impl.DefaultTypeAnnotationMetadataStore::convertMethodToPropertyBuilders (387 bytes)
Event: 93.073 Thread 0x000001f07f964110 nmethod 10811 0x000001f007bde290 code [0x000001f007bde860, 0x000001f007be0af8]
Event: 93.073 Thread 0x000001f07f964110 10812       2       org.gradle.internal.reflect.annotations.impl.DefaultTypeAnnotationMetadataStore::mergePropertiesAndFieldMetadata (190 bytes)
Event: 93.076 Thread 0x000001f07f964110 nmethod 10812 0x000001f008183b90 code [0x000001f008183f80, 0x000001f008185128]
Event: 93.079 Thread 0x000001f07f964110 10813       2       java.util.TimSort::mergeCollapse (134 bytes)
Event: 93.081 Thread 0x000001f07f964110 nmethod 10813 0x000001f007d71190 code [0x000001f007d71360, 0x000001f007d716e8]
Event: 93.081 Thread 0x000001f07f964110 10814       2       org.gradle.model.internal.type.ModelType::isParameterized (8 bytes)
Event: 93.081 Thread 0x000001f07f964110 nmethod 10814 0x000001f007b9f790 code [0x000001f007b9f920, 0x000001f007b9fa78]

GC Heap History (20 events):
Event: 77.599 GC heap before
{Heap before GC invocations=39 (full 0):
 garbage-first heap   total 124928K, used 82494K [0x0000000080000000, 0x0000000100000000)
  region size 1024K, 15 young (15360K), 4 survivors (4096K)
 Metaspace       used 67740K, committed 68736K, reserved 1114112K
  class space    used 9380K, committed 9856K, reserved 1048576K
}
Event: 77.607 GC heap after
{Heap after GC invocations=40 (full 0):
 garbage-first heap   total 124928K, used 73957K [0x0000000080000000, 0x0000000100000000)
  region size 1024K, 3 young (3072K), 3 survivors (3072K)
 Metaspace       used 67740K, committed 68736K, reserved 1114112K
  class space    used 9380K, committed 9856K, reserved 1048576K
}
Event: 77.889 GC heap before
{Heap before GC invocations=41 (full 0):
 garbage-first heap   total 150528K, used 89317K [0x0000000080000000, 0x0000000100000000)
  region size 1024K, 15 young (15360K), 3 survivors (3072K)
 Metaspace       used 67764K, committed 68736K, reserved 1114112K
  class space    used 9380K, committed 9856K, reserved 1048576K
}
Event: 77.896 GC heap after
{Heap after GC invocations=42 (full 0):
 garbage-first heap   total 150528K, used 76174K [0x0000000080000000, 0x0000000100000000)
  region size 1024K, 4 young (4096K), 4 survivors (4096K)
 Metaspace       used 67764K, committed 68736K, reserved 1114112K
  class space    used 9380K, committed 9856K, reserved 1048576K
}
Event: 79.878 GC heap before
{Heap before GC invocations=43 (full 0):
 garbage-first heap   total 150528K, used 110990K [0x0000000080000000, 0x0000000100000000)
  region size 1024K, 37 young (37888K), 4 survivors (4096K)
 Metaspace       used 70061K, committed 71040K, reserved 1114112K
  class space    used 9689K, committed 10176K, reserved 1048576K
}
Event: 79.886 GC heap after
{Heap after GC invocations=44 (full 0):
 garbage-first heap   total 150528K, used 78652K [0x0000000080000000, 0x0000000100000000)
  region size 1024K, 2 young (2048K), 2 survivors (2048K)
 Metaspace       used 70061K, committed 71040K, reserved 1114112K
  class space    used 9689K, committed 10176K, reserved 1048576K
}
Event: 82.194 GC heap before
{Heap before GC invocations=44 (full 0):
 garbage-first heap   total 150528K, used 114492K [0x0000000080000000, 0x0000000100000000)
  region size 1024K, 37 young (37888K), 2 survivors (2048K)
 Metaspace       used 72435K, committed 73408K, reserved 1114112K
  class space    used 9955K, committed 10432K, reserved 1048576K
}
Event: 82.199 GC heap after
{Heap after GC invocations=45 (full 0):
 garbage-first heap   total 150528K, used 80477K [0x0000000080000000, 0x0000000100000000)
  region size 1024K, 4 young (4096K), 4 survivors (4096K)
 Metaspace       used 72435K, committed 73408K, reserved 1114112K
  class space    used 9955K, committed 10432K, reserved 1048576K
}
Event: 84.400 GC heap before
{Heap before GC invocations=46 (full 0):
 garbage-first heap   total 150528K, used 116317K [0x0000000080000000, 0x0000000100000000)
  region size 1024K, 39 young (39936K), 4 survivors (4096K)
 Metaspace       used 74820K, committed 75840K, reserved 1114112K
  class space    used 10274K, committed 10752K, reserved 1048576K
}
Event: 84.409 GC heap after
{Heap after GC invocations=47 (full 0):
 garbage-first heap   total 150528K, used 82145K [0x0000000080000000, 0x0000000100000000)
  region size 1024K, 4 young (4096K), 4 survivors (4096K)
 Metaspace       used 74820K, committed 75840K, reserved 1114112K
  class space    used 10274K, committed 10752K, reserved 1048576K
}
Event: 86.195 GC heap before
{Heap before GC invocations=47 (full 0):
 garbage-first heap   total 150528K, used 119009K [0x0000000080000000, 0x0000000100000000)
  region size 1024K, 40 young (40960K), 4 survivors (4096K)
 Metaspace       used 77561K, committed 78528K, reserved 1179648K
  class space    used 10716K, committed 11200K, reserved 1048576K
}
Event: 86.205 GC heap after
{Heap after GC invocations=48 (full 0):
 garbage-first heap   total 150528K, used 83378K [0x0000000080000000, 0x0000000100000000)
  region size 1024K, 3 young (3072K), 3 survivors (3072K)
 Metaspace       used 77561K, committed 78528K, reserved 1179648K
  class space    used 10716K, committed 11200K, reserved 1048576K
}
Event: 88.620 GC heap before
{Heap before GC invocations=49 (full 0):
 garbage-first heap   total 150528K, used 121266K [0x0000000080000000, 0x0000000100000000)
  region size 1024K, 40 young (40960K), 3 survivors (3072K)
 Metaspace       used 80062K, committed 81024K, reserved 1179648K
  class space    used 11178K, committed 11648K, reserved 1048576K
}
Event: 88.628 GC heap after
{Heap after GC invocations=50 (full 0):
 garbage-first heap   total 150528K, used 84654K [0x0000000080000000, 0x0000000100000000)
  region size 1024K, 5 young (5120K), 5 survivors (5120K)
 Metaspace       used 80062K, committed 81024K, reserved 1179648K
  class space    used 11178K, committed 11648K, reserved 1048576K
}
Event: 88.728 GC heap before
{Heap before GC invocations=50 (full 0):
 garbage-first heap   total 150528K, used 86702K [0x0000000080000000, 0x0000000100000000)
  region size 1024K, 7 young (7168K), 5 survivors (5120K)
 Metaspace       used 80204K, committed 81152K, reserved 1179648K
  class space    used 11200K, committed 11648K, reserved 1048576K
}
Event: 88.740 GC heap after
{Heap after GC invocations=51 (full 0):
 garbage-first heap   total 150528K, used 84092K [0x0000000080000000, 0x0000000100000000)
  region size 1024K, 1 young (1024K), 1 survivors (1024K)
 Metaspace       used 80204K, committed 81152K, reserved 1179648K
  class space    used 11200K, committed 11648K, reserved 1048576K
}
Event: 90.628 GC heap before
{Heap before GC invocations=51 (full 0):
 garbage-first heap   total 150528K, used 121980K [0x0000000080000000, 0x0000000100000000)
  region size 1024K, 38 young (38912K), 1 survivors (1024K)
 Metaspace       used 82703K, committed 83776K, reserved 1179648K
  class space    used 11550K, committed 12096K, reserved 1048576K
}
Event: 90.631 GC heap after
{Heap after GC invocations=52 (full 0):
 garbage-first heap   total 150528K, used 85244K [0x0000000080000000, 0x0000000100000000)
  region size 1024K, 2 young (2048K), 2 survivors (2048K)
 Metaspace       used 82703K, committed 83776K, reserved 1179648K
  class space    used 11550K, committed 12096K, reserved 1048576K
}
Event: 92.524 GC heap before
{Heap before GC invocations=53 (full 0):
 garbage-first heap   total 150528K, used 123132K [0x0000000080000000, 0x0000000100000000)
  region size 1024K, 39 young (39936K), 2 survivors (2048K)
 Metaspace       used 86079K, committed 87104K, reserved 1179648K
  class space    used 12110K, committed 12608K, reserved 1048576K
}
Event: 92.532 GC heap after
{Heap after GC invocations=54 (full 0):
 garbage-first heap   total 150528K, used 87455K [0x0000000080000000, 0x0000000100000000)
  region size 1024K, 4 young (4096K), 4 survivors (4096K)
 Metaspace       used 86079K, committed 87104K, reserved 1179648K
  class space    used 12110K, committed 12608K, reserved 1048576K
}

Dll operation events (15 events):
Event: 0.025 Loaded shared library C:\Program Files\Eclipse Adoptium\jdk-17.0.20.101-hotspot\bin\java.dll
Event: 0.097 Loaded shared library C:\Program Files\Eclipse Adoptium\jdk-17.0.20.101-hotspot\bin\jsvml.dll
Event: 0.271 Loaded shared library C:\Program Files\Eclipse Adoptium\jdk-17.0.20.101-hotspot\bin\zip.dll
Event: 0.277 Loaded shared library C:\Program Files\Eclipse Adoptium\jdk-17.0.20.101-hotspot\bin\instrument.dll
Event: 0.292 Loaded shared library C:\Program Files\Eclipse Adoptium\jdk-17.0.20.101-hotspot\bin\net.dll
Event: 0.301 Loaded shared library C:\Program Files\Eclipse Adoptium\jdk-17.0.20.101-hotspot\bin\nio.dll
Event: 0.307 Loaded shared library C:\Program Files\Eclipse Adoptium\jdk-17.0.20.101-hotspot\bin\zip.dll
Event: 0.947 Loaded shared library C:\Program Files\Eclipse Adoptium\jdk-17.0.20.101-hotspot\bin\jimage.dll
Event: 1.719 Loaded shared library C:\Program Files\Eclipse Adoptium\jdk-17.0.20.101-hotspot\bin\verify.dll
Event: 1.884 Loaded shared library C:\Users\Administrator\.gradle\native\660c5614fbf4a5f2a75b1949f50a0caf5cd603558e7d8a26e50b933a0cfb79d1\windows-amd64\native-platform.dll
Event: 1.936 Loaded shared library C:\Users\Administrator\.gradle\native\0.2.8\x86_64-windows-gnu\gradle-fileevents.dll
Event: 6.183 Loaded shared library C:\Program Files\Eclipse Adoptium\jdk-17.0.20.101-hotspot\bin\management.dll
Event: 6.197 Loaded shared library C:\Program Files\Eclipse Adoptium\jdk-17.0.20.101-hotspot\bin\management_ext.dll
Event: 7.333 Loaded shared library C:\Program Files\Eclipse Adoptium\jdk-17.0.20.101-hotspot\bin\extnet.dll
Event: 8.124 Loaded shared library C:\Program Files\Eclipse Adoptium\jdk-17.0.20.101-hotspot\bin\sunmscapi.dll

Deoptimization events (20 events):
Event: 91.737 Thread 0x000001f0660f00d0 Uncommon trap: trap_request=0xffffffc6 fr.pc=0x000001f00faffbb8 relative=0x00000000000001f8
Event: 91.737 Thread 0x000001f0660f00d0 Uncommon trap: reason=bimorphic_or_optimized_type_check action=maybe_recompile pc=0x000001f00faffbb8 method=java.util.ArrayList$ArrayListSpliterator.tryAdvance(Ljava/util/function/Consumer;)Z @ 48 c2
Event: 91.737 Thread 0x000001f0660f00d0 DEOPT PACKING pc=0x000001f00faffbb8 sp=0x000000ba16bfdaf0
Event: 91.737 Thread 0x000001f0660f00d0 DEOPT UNPACKING pc=0x000001f00f0569a3 sp=0x000000ba16bfda70 mode 2
Event: 91.752 Thread 0x000001f0660f00d0 DEOPT PACKING pc=0x000001f007bdf974 sp=0x000000ba16bfe250
Event: 91.752 Thread 0x000001f0660f00d0 DEOPT UNPACKING pc=0x000001f00f057143 sp=0x000000ba16bfd6c8 mode 0
Event: 91.754 Thread 0x000001f0660f00d0 Uncommon trap: trap_request=0xffffffc6 fr.pc=0x000001f00f8d8864 relative=0x0000000000000504
Event: 91.754 Thread 0x000001f0660f00d0 Uncommon trap: reason=bimorphic_or_optimized_type_check action=maybe_recompile pc=0x000001f00f8d8864 method=java.util.Collections$SetFromMap.remove(Ljava/lang/Object;)Z @ 5 c2
Event: 91.754 Thread 0x000001f0660f00d0 DEOPT PACKING pc=0x000001f00f8d8864 sp=0x000000ba16bfe810
Event: 91.754 Thread 0x000001f0660f00d0 DEOPT UNPACKING pc=0x000001f00f0569a3 sp=0x000000ba16bfe808 mode 2
Event: 91.806 Thread 0x000001f01ccecd90 Uncommon trap: trap_request=0xffffff45 fr.pc=0x000001f00f885f14 relative=0x00000000000026f4
Event: 91.807 Thread 0x000001f01ccecd90 Uncommon trap: reason=unstable_if action=reinterpret pc=0x000001f00f885f14 method=org.objectweb.asm.Frame.execute(IILorg/objectweb/asm/Symbol;Lorg/objectweb/asm/SymbolTable;)V @ 1 c2
Event: 91.807 Thread 0x000001f01ccecd90 DEOPT PACKING pc=0x000001f00f885f14 sp=0x000000ba143f8450
Event: 91.807 Thread 0x000001f01ccecd90 DEOPT UNPACKING pc=0x000001f00f0569a3 sp=0x000000ba143f83f8 mode 2
Event: 92.002 Thread 0x000001f01ccecd90 DEOPT PACKING pc=0x000001f008868302 sp=0x000000ba143f8f50
Event: 92.003 Thread 0x000001f01ccecd90 DEOPT UNPACKING pc=0x000001f00f057143 sp=0x000000ba143f8488 mode 0
Event: 92.412 Thread 0x000001f01ccecd90 Uncommon trap: trap_request=0xffffff45 fr.pc=0x000001f00f6016ac relative=0x00000000000001ec
Event: 92.412 Thread 0x000001f01ccecd90 Uncommon trap: reason=unstable_if action=reinterpret pc=0x000001f00f6016ac method=java.util.HashMap.hash(Ljava/lang/Object;)I @ 1 c2
Event: 92.412 Thread 0x000001f01ccecd90 DEOPT PACKING pc=0x000001f00f6016ac sp=0x000000ba143f8c50
Event: 92.412 Thread 0x000001f01ccecd90 DEOPT UNPACKING pc=0x000001f00f0569a3 sp=0x000000ba143f8b10 mode 2

Classes loaded (20 events):
Event: 90.467 Loading class java/util/AbstractSetCustomizer
Event: 90.467 Loading class java/util/AbstractSetCustomizer done
Event: 90.471 Loading class java/util/TreeSetCustomizer
Event: 90.471 Loading class java/util/TreeSetCustomizer done
Event: 90.472 Loading class java/util/TreeSetCustomizer
Event: 90.472 Loading class java/util/TreeSetCustomizer done
Event: 91.341 Loading class java/util/stream/ReduceOps$5
Event: 91.341 Loading class java/util/stream/ReduceOps$5 done
Event: 91.342 Loading class java/util/stream/ReduceOps$CountingSink$OfRef
Event: 91.342 Loading class java/util/stream/ReduceOps$CountingSink
Event: 91.342 Loading class java/util/stream/ReduceOps$CountingSink done
Event: 91.342 Loading class java/util/stream/ReduceOps$CountingSink$OfRef done
Event: 91.605 Loading class java/util/stream/SliceOps
Event: 91.606 Loading class java/util/stream/SliceOps done
Event: 91.606 Loading class java/util/stream/SliceOps$1
Event: 91.606 Loading class java/util/stream/SliceOps$1 done
Event: 91.609 Loading class java/util/stream/SliceOps$1$1
Event: 91.609 Loading class java/util/stream/SliceOps$1$1 done
Event: 91.758 Loading class java/util/concurrent/ConcurrentLinkedQueue$Itr
Event: 91.758 Loading class java/util/concurrent/ConcurrentLinkedQueue$Itr done

Classes unloaded (0 events):
No events

Classes redefined (0 events):
No events

Internal exceptions (20 events):
Event: 90.464 Thread 0x000001f01ccecd90 Exception <a 'java/lang/ClassNotFoundException'{0x0000000086fd94f0}: java/util/TreeSetBeanInfo> (0x0000000086fd94f0) 
thrown [s\src\hotspot\share\classfile\systemDictionary.cpp, line 257]
Event: 90.465 Thread 0x000001f01ccecd90 Exception <a 'java/lang/ClassNotFoundException'{0x0000000086fe0038}: java/util/AbstractSetBeanInfo> (0x0000000086fe0038) 
thrown [s\src\hotspot\share\classfile\systemDictionary.cpp, line 257]
Event: 90.467 Thread 0x000001f01ccecd90 Exception <a 'java/lang/ClassNotFoundException'{0x0000000086fe6c28}: java/util/AbstractSetCustomizer> (0x0000000086fe6c28) 
thrown [s\src\hotspot\share\classfile\systemDictionary.cpp, line 257]
Event: 90.472 Thread 0x000001f01ccecd90 Exception <a 'java/lang/ClassNotFoundException'{0x0000000086e13f68}: java/util/TreeSetCustomizer> (0x0000000086e13f68) 
thrown [s\src\hotspot\share\classfile\systemDictionary.cpp, line 257]
Event: 90.715 Thread 0x000001f01ccecd90 Implicit null exception at 0x000001f00fb06bc8 to 0x000001f00fb07ccc
Event: 90.715 Thread 0x000001f01ccecd90 Implicit null exception at 0x000001f00fb2a704 to 0x000001f00fb2add4
Event: 90.735 Thread 0x000001f01ccecd90 Exception <a 'java/lang/IncompatibleClassChangeError'{0x00000000892f9058}: Found class java.lang.Object, but interface was expected> (0x00000000892f9058) 
thrown [s\src\hotspot\share\interpreter\linkResolver.cpp, line 826]
Event: 91.117 Thread 0x000001f01ccebe60 Exception <a 'java/lang/NoSuchMethodError'{0x0000000088d86850}: static Lorg/gradle/tooling/internal/provider/PhasedBuildActionResult;.<clinit>()V> (0x0000000088d86850) 
thrown [s\src\hotspot\share\prims\jni.cpp, line 1112]
Event: 91.118 Thread 0x000001f01ccebe60 Exception <a 'java/lang/NoSuchMethodError'{0x0000000088d8ebb8}: static Lorg/gradle/tooling/internal/provider/serialization/SerializedPayload;.<clinit>()V> (0x0000000088d8ebb8) 
thrown [s\src\hotspot\share\prims\jni.cpp, line 1112]
Event: 91.228 Thread 0x000001f01ccecd90 Implicit null exception at 0x000001f00fa8b667 to 0x000001f00fa91a84
Event: 91.535 Thread 0x000001f0660f42a0 Exception <a 'java/lang/NoSuchMethodError'{0x0000000088649968}: 'java.lang.Object java.lang.invoke.DirectMethodHandle$Holder.newInvokeSpecial(java.lang.Object, java.lang.Object, int, java.lang.Object, java.lang.Object)'> (0x0000000088649968) 
thrown [s\src\hotspot\share\interpreter\linkResolver.cpp, line 759]
Event: 91.537 Thread 0x000001f0660f42a0 Exception <a 'java/lang/NoSuchMethodError'{0x000000008864d8e8}: 'java.lang.Object java.lang.invoke.Invokers$Holder.linkToTargetMethod(java.lang.Object, int, java.lang.Object, java.lang.Object, java.lang.Object)'> (0x000000008864d8e8) 
thrown [s\src\hotspot\share\interpreter\linkResolver.cpp, line 759]
Event: 91.737 Thread 0x000001f0660f00d0 Implicit null exception at 0x000001f00fb66380 to 0x000001f00fb66da8
Event: 91.739 Thread 0x000001f01ccebe60 Exception <a 'java/lang/NoSuchMethodError'{0x0000000088203f68}: static Lorg/gradle/internal/build/event/types/DefaultTaskStartedProgressEvent;.<clinit>()V> (0x0000000088203f68) 
thrown [s\src\hotspot\share\prims\jni.cpp, line 1112]
Event: 91.740 Thread 0x000001f01ccebe60 Exception <a 'java/lang/NoSuchMethodError'{0x000000008820e798}: static Lorg/gradle/internal/build/event/types/DefaultTaskDescriptor;.<clinit>()V> (0x000000008820e798) 
thrown [s\src\hotspot\share\prims\jni.cpp, line 1112]
Event: 91.756 Thread 0x000001f01ccebe60 Exception <a 'java/lang/NoSuchMethodError'{0x000000008825f5c8}: static Lorg/gradle/internal/build/event/types/DefaultTaskFinishedProgressEvent;.<clinit>()V> (0x000000008825f5c8) 
thrown [s\src\hotspot\share\prims\jni.cpp, line 1112]
Event: 91.758 Thread 0x000001f01ccebe60 Exception <a 'java/lang/NoSuchMethodError'{0x0000000088271af0}: static Lorg/gradle/internal/build/event/types/DefaultTaskSuccessResult;.<clinit>()V> (0x0000000088271af0) 
thrown [s\src\hotspot\share\prims\jni.cpp, line 1112]
Event: 91.758 Thread 0x000001f01ccebe60 Exception <a 'java/lang/NoSuchMethodError'{0x0000000088272e10}: static Lorg/gradle/internal/build/event/types/AbstractTaskResult;.<clinit>()V> (0x0000000088272e10) 
thrown [s\src\hotspot\share\prims\jni.cpp, line 1112]
Event: 91.778 Thread 0x000001f01ccecd90 Exception <a 'java/lang/NoSuchMethodError'{0x00000000881169f0}: 'java.lang.Object java.lang.invoke.DirectMethodHandle$Holder.invokeStatic(java.lang.Object, int, java.lang.Object)'> (0x00000000881169f0) 
thrown [s\src\hotspot\share\interpreter\linkResolver.cpp, line 759]
Event: 92.412 Thread 0x000001f01ccecd90 Implicit null exception at 0x000001f00f601511 to 0x000001f00f601694

VM Operations (20 events):
Event: 90.847 Executing VM operation: G1PauseCleanup
Event: 90.848 Executing VM operation: G1PauseCleanup done
Event: 91.247 Executing VM operation: HandshakeAllThreads
Event: 91.247 Executing VM operation: HandshakeAllThreads done
Event: 91.608 Executing VM operation: HandshakeAllThreads
Event: 91.608 Executing VM operation: HandshakeAllThreads done
Event: 91.736 Executing VM operation: HandshakeAllThreads
Event: 91.736 Executing VM operation: HandshakeAllThreads done
Event: 91.751 Executing VM operation: HandshakeAllThreads
Event: 91.752 Executing VM operation: HandshakeAllThreads done
Event: 91.807 Executing VM operation: HandshakeAllThreads
Event: 91.808 Executing VM operation: HandshakeAllThreads done
Event: 91.898 Executing VM operation: HandshakeAllThreads
Event: 91.910 Executing VM operation: HandshakeAllThreads done
Event: 91.910 Executing VM operation: Cleanup
Event: 91.910 Executing VM operation: Cleanup done
Event: 92.412 Executing VM operation: HandshakeAllThreads
Event: 92.412 Executing VM operation: HandshakeAllThreads done
Event: 92.524 Executing VM operation: G1CollectForAllocation
Event: 92.532 Executing VM operation: G1CollectForAllocation done

Memory protections (0 events):
No events

Nmethod flushes (20 events):
Event: 92.436 Thread 0x000001f07f964a20 flushing  nmethod 0x000001f0089dd410
Event: 92.436 Thread 0x000001f07f964a20 flushing  nmethod 0x000001f0089e2910
Event: 92.436 Thread 0x000001f07f964a20 flushing  nmethod 0x000001f0089ee590
Event: 92.436 Thread 0x000001f07f964a20 flushing  nmethod 0x000001f0089f0910
Event: 92.436 Thread 0x000001f07f964a20 flushing  nmethod 0x000001f0089f2d10
Event: 92.436 Thread 0x000001f07f964a20 flushing  nmethod 0x000001f008a29010
Event: 92.437 Thread 0x000001f07f964a20 flushing  nmethod 0x000001f008a80290
Event: 92.437 Thread 0x000001f07f964a20 flushing  nmethod 0x000001f008a86b90
Event: 92.437 Thread 0x000001f07f964a20 flushing  nmethod 0x000001f008ad1f10
Event: 92.437 Thread 0x000001f07f964a20 flushing  nmethod 0x000001f008add710
Event: 92.437 Thread 0x000001f07f964a20 flushing  nmethod 0x000001f008ae0a10
Event: 92.438 Thread 0x000001f07f964a20 flushing  nmethod 0x000001f008b8d010
Event: 92.438 Thread 0x000001f07f964a20 flushing  nmethod 0x000001f008b94110
Event: 92.438 Thread 0x000001f07f964a20 flushing  nmethod 0x000001f008bb0a10
Event: 92.438 Thread 0x000001f07f964a20 flushing  nmethod 0x000001f008c2cd10
Event: 92.438 Thread 0x000001f07f964a20 flushing  nmethod 0x000001f008c2df10
Event: 92.438 Thread 0x000001f07f964a20 flushing  nmethod 0x000001f008c55090
Event: 92.438 Thread 0x000001f07f964a20 flushing  nmethod 0x000001f008c56990
Event: 92.439 Thread 0x000001f07f964a20 flushing  nmethod 0x000001f008c6bb90
Event: 92.439 Thread 0x000001f07f964a20 flushing  nmethod 0x000001f008c6c190

Events (20 events):
Event: 40.079 Thread 0x000001f01ccecd90 Thread added: 0x000001f065319350
Event: 40.330 Thread 0x000001f01ccecd90 Thread added: 0x000001f06531a280
Event: 41.275 Thread 0x000001f01ccecd90 Thread added: 0x000001f06531e450
Event: 56.783 Thread 0x000001f01ccecd90 Thread added: 0x000001f065318930
Event: 56.784 Thread 0x000001f01ccecd90 Thread added: 0x000001f065318e40
Event: 56.784 Thread 0x000001f01ccecd90 Thread added: 0x000001f06531a790
Event: 56.785 Thread 0x000001f01ccecd90 Thread added: 0x000001f06531aca0
Event: 56.785 Thread 0x000001f01ccecd90 Thread added: 0x000001f0660f1000
Event: 68.614 Thread 0x000001f01ccecd90 Thread added: 0x000001f0660f1a20
Event: 75.941 Thread 0x000001f01ccecd90 Thread added: 0x000001f0660f1510
Event: 87.307 Thread 0x000001f01ccedcc0 Thread exited: 0x000001f01ccedcc0
Event: 91.510 Thread 0x000001f01ccecd90 Thread added: 0x000001f0660f42a0
Event: 91.542 Thread 0x000001f0660f42a0 Thread added: 0x000001f0660f2440
Event: 91.542 Thread 0x000001f0660f42a0 Thread added: 0x000001f0660f56e0
Event: 91.542 Thread 0x000001f0660f42a0 Thread added: 0x000001f0660f00d0
Event: 91.542 Thread 0x000001f0660f42a0 Thread added: 0x000001f0660f5bf0
Event: 91.543 Thread 0x000001f0660f42a0 Thread added: 0x000001f0660f2e60
Event: 91.543 Thread 0x000001f0660f42a0 Thread added: 0x000001f0660f6100
Event: 91.543 Thread 0x000001f0660f42a0 Thread added: 0x000001f0660f6610
Event: 91.637 Thread 0x000001f0660f00d0 Thread added: 0x000001f0660f6b20


Dynamic libraries:
0x00007ff798490000 - 0x00007ff79849e000 	C:\Program Files\Eclipse Adoptium\jdk-17.0.20.101-hotspot\bin\java.exe
0x00007ffa78df0000 - 0x00007ffa78fe8000 	C:\Windows\SYSTEM32\ntdll.dll
0x00007ffa785b0000 - 0x00007ffa78672000 	C:\Windows\System32\KERNEL32.DLL
0x00007ffa76b10000 - 0x00007ffa76e06000 	C:\Windows\System32\KERNELBASE.dll
0x00007ffa76770000 - 0x00007ffa76870000 	C:\Windows\System32\ucrtbase.dll
0x00007ffa41dc0000 - 0x00007ffa41dde000 	C:\Program Files\Eclipse Adoptium\jdk-17.0.20.101-hotspot\bin\VCRUNTIME140.dll
0x00007ffa41120000 - 0x00007ffa41138000 	C:\Program Files\Eclipse Adoptium\jdk-17.0.20.101-hotspot\bin\jli.dll
0x00007ffa78680000 - 0x00007ffa78821000 	C:\Windows\System32\USER32.dll
0x00007ffa76500000 - 0x00007ffa76522000 	C:\Windows\System32\win32u.dll
0x00007ffa5e5a0000 - 0x00007ffa5e83b000 	C:\Windows\WinSxS\amd64_microsoft.windows.common-controls_6595b64144ccf1df_6.0.19041.6456_none_60b8a6cb71f64256\COMCTL32.dll
0x00007ffa76f30000 - 0x00007ffa76f5b000 	C:\Windows\System32\GDI32.dll
0x00007ffa77d70000 - 0x00007ffa77e0e000 	C:\Windows\System32\msvcrt.dll
0x00007ffa765d0000 - 0x00007ffa766e9000 	C:\Windows\System32\gdi32full.dll
0x00007ffa76530000 - 0x00007ffa765cd000 	C:\Windows\System32\msvcp_win.dll
0x00007ffa77eb0000 - 0x00007ffa77edf000 	C:\Windows\System32\IMM32.DLL
0x00007ffa41900000 - 0x00007ffa4190c000 	C:\Program Files\Eclipse Adoptium\jdk-17.0.20.101-hotspot\bin\vcruntime140_1.dll
0x00007ffa212e0000 - 0x00007ffa2136d000 	C:\Program Files\Eclipse Adoptium\jdk-17.0.20.101-hotspot\bin\msvcp140.dll
0x00007ff960350000 - 0x00007ff960fbc000 	C:\Program Files\Eclipse Adoptium\jdk-17.0.20.101-hotspot\bin\server\jvm.dll
0x00007ffa76e10000 - 0x00007ffa76ec1000 	C:\Windows\System32\ADVAPI32.dll
0x00007ffa78090000 - 0x00007ffa7812f000 	C:\Windows\System32\sechost.dll
0x00007ffa78490000 - 0x00007ffa785b0000 	C:\Windows\System32\RPCRT4.dll
0x00007ffa766f0000 - 0x00007ffa76717000 	C:\Windows\System32\bcrypt.dll
0x00007ffa78d40000 - 0x00007ffa78dab000 	C:\Windows\System32\WS2_32.dll
0x00007ffa762e0000 - 0x00007ffa7632b000 	C:\Windows\SYSTEM32\POWRPROF.dll
0x00007ffa64660000 - 0x00007ffa64687000 	C:\Windows\SYSTEM32\WINMM.dll
0x00007ffa6e880000 - 0x00007ffa6e88a000 	C:\Windows\SYSTEM32\VERSION.dll
0x00007ffa762c0000 - 0x00007ffa762d2000 	C:\Windows\SYSTEM32\UMPDC.dll
0x00007ffa74ca0000 - 0x00007ffa74cb2000 	C:\Windows\SYSTEM32\kernel.appcore.dll
0x00007ffa418c0000 - 0x00007ffa418ca000 	C:\Program Files\Eclipse Adoptium\jdk-17.0.20.101-hotspot\bin\jimage.dll
0x00007ffa6f700000 - 0x00007ffa6f901000 	C:\Windows\SYSTEM32\DBGHELP.DLL
0x00007ffa6dcd0000 - 0x00007ffa6dd04000 	C:\Windows\SYSTEM32\dbgcore.DLL
0x00007ffa76a80000 - 0x00007ffa76b02000 	C:\Windows\System32\bcryptPrimitives.dll
0x00007ffa41430000 - 0x00007ffa4143e000 	C:\Program Files\Eclipse Adoptium\jdk-17.0.20.101-hotspot\bin\instrument.dll
0x00007ffa3d810000 - 0x00007ffa3d835000 	C:\Program Files\Eclipse Adoptium\jdk-17.0.20.101-hotspot\bin\java.dll
0x00007ffa21030000 - 0x00007ffa21107000 	C:\Program Files\Eclipse Adoptium\jdk-17.0.20.101-hotspot\bin\jsvml.dll
0x00007ffa770f0000 - 0x00007ffa77860000 	C:\Windows\System32\SHELL32.dll
0x00007ffa74490000 - 0x00007ffa74c35000 	C:\Windows\SYSTEM32\windows.storage.dll
0x00007ffa77860000 - 0x00007ffa77bb4000 	C:\Windows\System32\combase.dll
0x00007ffa75cf0000 - 0x00007ffa75d1b000 	C:\Windows\SYSTEM32\Wldp.dll
0x00007ffa781e0000 - 0x00007ffa782ad000 	C:\Windows\System32\OLEAUT32.dll
0x00007ffa76f60000 - 0x00007ffa7700d000 	C:\Windows\System32\SHCORE.dll
0x00007ffa76ed0000 - 0x00007ffa76f2b000 	C:\Windows\System32\shlwapi.dll
0x00007ffa763b0000 - 0x00007ffa763d4000 	C:\Windows\SYSTEM32\profapi.dll
0x00007ffa40d10000 - 0x00007ffa40d28000 	C:\Program Files\Eclipse Adoptium\jdk-17.0.20.101-hotspot\bin\zip.dll
0x00007ffa3f3a0000 - 0x00007ffa3f3ba000 	C:\Program Files\Eclipse Adoptium\jdk-17.0.20.101-hotspot\bin\net.dll
0x00007ffa6ddf0000 - 0x00007ffa6defa000 	C:\Windows\SYSTEM32\WINHTTP.dll
0x00007ffa75ad0000 - 0x00007ffa75b3a000 	C:\Windows\system32\mswsock.dll
0x00007ffa3d750000 - 0x00007ffa3d766000 	C:\Program Files\Eclipse Adoptium\jdk-17.0.20.101-hotspot\bin\nio.dll
0x00007ffa40c50000 - 0x00007ffa40c60000 	C:\Program Files\Eclipse Adoptium\jdk-17.0.20.101-hotspot\bin\verify.dll
0x00007ff9e7ab0000 - 0x00007ff9e7ad7000 	C:\Users\Administrator\.gradle\native\660c5614fbf4a5f2a75b1949f50a0caf5cd603558e7d8a26e50b933a0cfb79d1\windows-amd64\native-platform.dll
0x00007ff96d690000 - 0x00007ff96d707000 	C:\Users\Administrator\.gradle\native\0.2.8\x86_64-windows-gnu\gradle-fileevents.dll
0x00007ffa40b20000 - 0x00007ffa40b2a000 	C:\Program Files\Eclipse Adoptium\jdk-17.0.20.101-hotspot\bin\management.dll
0x00007ffa40240000 - 0x00007ffa4024c000 	C:\Program Files\Eclipse Adoptium\jdk-17.0.20.101-hotspot\bin\management_ext.dll
0x00007ffa788c0000 - 0x00007ffa788c8000 	C:\Windows\System32\PSAPI.DLL
0x00007ffa757d0000 - 0x00007ffa7580b000 	C:\Windows\SYSTEM32\IPHLPAPI.DLL
0x00007ffa77e30000 - 0x00007ffa77e38000 	C:\Windows\System32\NSI.dll
0x00007ffa6e860000 - 0x00007ffa6e877000 	C:\Windows\SYSTEM32\dhcpcsvc6.DLL
0x00007ffa6f5e0000 - 0x00007ffa6f5fd000 	C:\Windows\SYSTEM32\dhcpcsvc.DLL
0x00007ffa75810000 - 0x00007ffa758da000 	C:\Windows\SYSTEM32\DNSAPI.dll
0x00007ffa40090000 - 0x00007ffa40099000 	C:\Program Files\Eclipse Adoptium\jdk-17.0.20.101-hotspot\bin\extnet.dll
0x00007ffa75d30000 - 0x00007ffa75d48000 	C:\Windows\SYSTEM32\CRYPTSP.dll
0x00007ffa75410000 - 0x00007ffa75448000 	C:\Windows\system32\rsaenh.dll
0x00007ffa76330000 - 0x00007ffa7635e000 	C:\Windows\SYSTEM32\USERENV.dll
0x00007ffa75c60000 - 0x00007ffa75c6c000 	C:\Windows\SYSTEM32\CRYPTBASE.dll
0x00007ffa3fea0000 - 0x00007ffa3feae000 	C:\Program Files\Eclipse Adoptium\jdk-17.0.20.101-hotspot\bin\sunmscapi.dll
0x00007ffa76870000 - 0x00007ffa769cd000 	C:\Windows\System32\CRYPT32.dll
0x00007ffa75e40000 - 0x00007ffa75e67000 	C:\Windows\SYSTEM32\ncrypt.dll
0x00007ffa75e00000 - 0x00007ffa75e3b000 	C:\Windows\SYSTEM32\NTASN1.dll
0x00007ffa40000000 - 0x00007ffa40007000 	C:\Windows\system32\wshunix.dll
0x00007ffa75660000 - 0x00007ffa75693000 	C:\Windows\SYSTEM32\ntmarta.dll

dbghelp: loaded successfully - version: 4.0.5 - missing functions: none
symbol engine: initialized successfully - sym options: 0x614 - pdb path: .;C:\Program Files\Eclipse Adoptium\jdk-17.0.20.101-hotspot\bin;C:\Windows\SYSTEM32;C:\Windows\WinSxS\amd64_microsoft.windows.common-controls_6595b64144ccf1df_6.0.19041.6456_none_60b8a6cb71f64256;C:\Program Files\Eclipse Adoptium\jdk-17.0.20.101-hotspot\bin\server;C:\Users\Administrator\.gradle\native\660c5614fbf4a5f2a75b1949f50a0caf5cd603558e7d8a26e50b933a0cfb79d1\windows-amd64;C:\Users\Administrator\.gradle\native\0.2.8\x86_64-windows-gnu

VM Arguments:
jvm_args: --add-opens=java.base/java.lang=ALL-UNNAMED --add-opens=java.base/java.lang.invoke=ALL-UNNAMED --add-opens=java.base/java.util=ALL-UNNAMED --add-opens=java.prefs/java.util.prefs=ALL-UNNAMED --add-exports=jdk.compiler/com.sun.tools.javac.api=ALL-UNNAMED --add-exports=jdk.compiler/com.sun.tools.javac.util=ALL-UNNAMED --add-opens=java.base/java.nio.charset=ALL-UNNAMED --add-opens=java.base/java.net=ALL-UNNAMED --add-opens=java.base/java.util.concurrent=ALL-UNNAMED --add-opens=java.base/java.util.concurrent.atomic=ALL-UNNAMED --add-opens=java.xml/javax.xml.namespace=ALL-UNNAMED --add-opens=java.base/java.time=ALL-UNNAMED -Xmx2048m -Dfile.encoding=UTF-8 -Duser.country=US -Duser.language=en -Duser.variant -javaagent:C:\Users\Administrator\.gradle\wrapper\dists\gradle-9.6.0-bin\42k10rwplmzkhuboz9kdazi7s\gradle-9.6.0\lib\agents\gradle-instrumentation-agent-9.6.0.jar 
java_command: org.gradle.launcher.daemon.bootstrap.GradleDaemon 9.6.0
java_class_path (initial): C:\Users\Administrator\.gradle\wrapper\dists\gradle-9.6.0-bin\42k10rwplmzkhuboz9kdazi7s\gradle-9.6.0\lib\gradle-daemon-main-9.6.0.jar
Launcher Type: SUN_STANDARD

[Global flags]
     intx CICompilerCount                          = 4                                         {product} {ergonomic}
     uint ConcGCThreads                            = 2                                         {product} {ergonomic}
     uint G1ConcRefinementThreads                  = 8                                         {product} {ergonomic}
   size_t G1HeapRegionSize                         = 1048576                                   {product} {ergonomic}
    uintx GCDrainStackTargetSize                   = 64                                        {product} {ergonomic}
   size_t InitialHeapSize                          = 134217728                                 {product} {ergonomic}
   size_t MarkStackSize                            = 4194304                                   {product} {ergonomic}
   size_t MaxHeapSize                              = 2147483648                                {product} {command line}
   size_t MaxNewSize                               = 1287651328                                {product} {ergonomic}
   size_t MinHeapDeltaBytes                        = 1048576                                   {product} {ergonomic}
   size_t MinHeapSize                              = 8388608                                   {product} {ergonomic}
    uintx NonNMethodCodeHeapSize                   = 5839372                                {pd product} {ergonomic}
    uintx NonProfiledCodeHeapSize                  = 122909434                              {pd product} {ergonomic}
    uintx ProfiledCodeHeapSize                     = 122909434                              {pd product} {ergonomic}
    uintx ReservedCodeCacheSize                    = 251658240                              {pd product} {ergonomic}
     bool SegmentedCodeCache                       = true                                      {product} {ergonomic}
   size_t SoftMaxHeapSize                          = 2147483648                             {manageable} {ergonomic}
     bool UseCompressedClassPointers               = true                           {product lp64_product} {ergonomic}
     bool UseCompressedOops                        = true                           {product lp64_product} {ergonomic}
     bool UseG1GC                                  = true                                      {product} {ergonomic}
     bool UseLargePagesIndividualAllocation        = false                                  {pd product} {ergonomic}

Logging:
Log output configuration:
 #0: stdout all=warning uptime,level,tags
 #1: stderr all=off uptime,level,tags

Environment Variables:
JAVA_HOME=C:\Program Files\Eclipse Adoptium\jdk-17.0.20.101-hotspot\
PATH=C:\laragon\bin\php\php-8.3.30-Win32-vs16-x64;C:\Python312\Scripts\;C:\Python312\;C:\Program Files\Microsoft MPI\Bin\;C:\Program Files\Common Files\Oracle\Java\javapath;C:\Program Files (x86)\Common Files\Oracle\Java\javapath;C:\Program Files\Microsoft\jdk-11.0.16.101-hotspot\bin;C:\Python311\Scripts\;C:\Python311\;C:\Python310\Scripts\;C:\Python310\;C:\Windows\system32;C:\Windows;C:\Windows\System32\Wbem;C:\Windows\System32\WindowsPowerShell\v1.0\;C:\Windows\System32\OpenSSH\;C:\Program Files\dotnet\;C:\Program Files\Microsoft SQL Server\Client SDK\ODBC\170\Tools\Binn\;C:\Program Files\Microsoft SQL Server\150\Tools\Binn\;C:\Program Files\Git\cmd;C:\Program Files (x86)\NVIDIA Corporation\PhysX\Common;C:\Program Files\SQL Anywhere 17\bin64;C:\Program Files\SQL Anywhere 17\bin32;C:\Program Files (x86)\Microsoft SQL Server\150\DTS\Binn\;C:\Program Files\Azure Data Studio\bin;C:\ProgramData\chocolatey\bin;C:\Program Files (x86)\Google\Cloud SDK\google-cloud-sdk\bin;C:\Program Files (x86)\NuGet\nuget.exe;C:\Program Files\Microsoft SQL Server Migration Assistant for MySQL\bin\;C:\Program Files (x86)\Microsoft SQL Server\160\Tools\Binn\;C:\Program Files\Microsoft SQL Server\160\Tools\Binn\;C:\Program Files\Microsoft SQL Server\160\DTS\Binn\;C:\Program Files (x86)\Microsoft SQL Server\160\DTS\Binn\;C:\Program Files (x86)\Windows Kits\10\Windows Performance Toolkit\;C:\Program Files (x86)\Windows Kits\10\Microsoft Application Virtualization\Sequencer\;C:\Program Files\Microsoft VS Code\bin;C:\Program Files\Tesseract-OCR;C:\Program Files\gs\gs10.01.2\bin;C:\ProgramData\miniconda3\Scripts;C:\ProgramData\miniconda3;C:\Program Files\Poppler\poppler-23.08.0\Library\bin;C:\Program Files\Git LFS;C:\Program Files\IBM\SPSS\Statistics\25\JRE\bin;C:\Program Files\Docker\Docker\resources\bin;C:\Program Files\PuTTY\;C:\Program Files\Nuget\;C:\Program Files\Amazon\AWSCLIV2\;D:\Program Files\Go\bin;C:\xampp\php;C:\ProgramData\ComposerSetup\bin;C:\Program Files\nodejs\;C:\xampp_lite_8_5\apps\php;C:\Program Files\MySQL\MySQL Shell 8.0\bin\;C:\Users\Administrator\AppData\Local\Microsoft\WindowsApps;C:\Users\Administrator\.dotnet\tools;C:\Users\Administrator\AppData\Local\Microsoft\WinGet\Packages\Genymobile.scrcpy_Microsoft.Winget.Source_8wekyb3d8bbwe\scrcpy-win64-v3.1;C:\Users\Administrator\go\bin;C:\Users\Administrator\AppData\Local\Programs\Antigravity\bin;C:\Users\Administrator\AppData\Roaming\Composer\vendor\bin;C:\Users\Administrator\AppData\Roaming\npm;C:\Users\Administrator\AppData\Local\Programs\Antigravity IDE\bin;C:\Program Files\qemu;C:\laragon\bin\php\php-8.3.30-Win32-vs16-x64;C:\Program Files\MySQL\MySQL Shell 8.0\bin\;C:\Users\Administrator\AppData\Local\Microsoft\WindowsApps;C:\Program Files\Tesseract-OCR;C:\ProgramData\miniconda3;C:\ProgramData\miniconda3\Scripts;C:\Users\Administrator\.dotnet\tools;C:\Program Files\Poppler\poppler-23.08.0\Library\bin;C:\Program Files\Nuget\;C:\Users\Administrator\AppData\Local\Microsoft\WinGet\Packages\Genymobile.scrcpy_Microsoft.Winget.Source_8wekyb3d8bbwe\scrcpy-win64-v3.1;C:\Users\Administrator\go\bin;C:\Users\Administrator\AppData\Local\Programs\Antigravity\bin;C:\Users\Administrator\AppData\Roaming\Composer\vendor\bin;C:\Users\Administrator\AppData\Roaming\npm;C:\Users\Administrator\AppData\Local\Programs\Antigravity IDE\bin;
USERNAME=Administrator
OS=Windows_NT
PROCESSOR_IDENTIFIER=Intel64 Family 6 Model 142 Stepping 10, GenuineIntel
TMP=C:\Users\ADMINI~1\AppData\Local\Temp
TEMP=C:\Users\ADMINI~1\AppData\Local\Temp



Periodic native trim disabled


---------------  S Y S T E M  ---------------

OS:
 Windows 10 , 64 bit Build 19041 (10.0.19041.5915)
OS uptime: 5 days 16:57 hours
Hyper-V role detected

CPU: total 8 (initial active 8) (4 cores per cpu, 2 threads per core) family 6 model 142 stepping 10 microcode 0xb4, cx8, cmov, fxsr, ht, mmx, 3dnowpref, sse, sse2, sse3, ssse3, sse4.1, sse4.2, popcnt, lzcnt, tsc, tscinvbit, avx, avx2, aes, erms, clmul, bmi1, bmi2, adx, fma, vzeroupper, clflush, clflushopt, hv
Processor Information for all 8 processors :
  Max Mhz: 1800, Current Mhz: 1600, Mhz Limit: 1584

Memory: 4k page, system-wide physical 8074M (204M free)
TotalPageFile size 26612M (AvailPageFile size 159M)
current process WorkingSet (physical memory assigned to process): 344M, peak: 358M
current process commit charge ("private bytes"): 437M, peak: 442M

vm_info: OpenJDK 64-Bit Server VM (17.0.20.1+1) for windows-amd64 JRE (17.0.20.1+1), built on Aug 18 2026 20:44:09 by "admin" with MS VC++ 17.12 (VS2022)

END.
